Copyright 1986-2022 Xilinx, Inc. All Rights Reserved. Copyright 2022-2023 Advanced Micro Devices, Inc. All Rights Reserved.
---------------------------------------------------------------------------------------------------------------------------------------------
| Tool Version : Vivado v.2023.2 (lin64) Build 4029153 Fri Oct 13 20:13:54 MDT 2023
| Date         : Fri Aug  7 17:22:35 2026
| Host         : vlsi031.ee.washington.edu running 64-bit CentOS Linux release 7.9.2009 (Core)
| Command      : report_utilization -hierarchical -hierarchical_depth 4 -file /home/kourosh/synth_s2/pcie_rq_rc_top/utilization_hier.rpt
| Design       : pcie_rq_rc_top
| Device       : xczu7ev-ffvc1156-2-e
| Speed File   : -2
| Design State : Synthesized
---------------------------------------------------------------------------------------------------------------------------------------------

Utilization Design Information

Table of Contents
-----------------
1. Utilization by Hierarchy

1. Utilization by Hierarchy
---------------------------

+------------------------------+-----------------------+------------+------------+---------+------+------+--------+--------+------+------------+
|           Instance           |         Module        | Total LUTs | Logic LUTs | LUTRAMs | SRLs |  FFs | RAMB36 | RAMB18 | URAM | DSP Blocks |
+------------------------------+-----------------------+------------+------------+---------+------+------+--------+--------+------+------------+
| pcie_rq_rc_top               |                 (top) |       9819 |       5789 |    4030 |    0 | 4054 |      0 |      0 |    0 |          0 |
|   (pcie_rq_rc_top)           |                 (top) |          0 |          0 |       0 |    0 |    0 |      0 |      0 |    0 |          0 |
|   u_rc_if                    |            pcie_rc_if |        197 |        197 |       0 |    0 |  488 |      0 |      0 |    0 |          0 |
|     (u_rc_if)                |            pcie_rc_if |        114 |        114 |       0 |    0 |  195 |      0 |      0 |    0 |          0 |
|     u_rc_pack                |   pcie_axis_dw_upsize |         83 |         83 |       0 |    0 |  293 |      0 |      0 |    0 |          0 |
|   u_rq_if                    |            pcie_rq_if |        310 |        310 |       0 |    0 |  285 |      0 |      0 |    0 |          0 |
|     (u_rq_if)                |            pcie_rq_if |        267 |        267 |       0 |    0 |  145 |      0 |      0 |    0 |          0 |
|     u_payload                | pcie_axis_dw_downsize |         43 |         43 |       0 |    0 |  140 |      0 |      0 |    0 |          0 |
|   u_tlp_layer                |             tlp_layer |       9312 |       5282 |    4030 |    0 | 3281 |      0 |      0 |    0 |          0 |
|     (u_tlp_layer)            |             tlp_layer |         38 |         38 |       0 |    0 |   14 |      0 |      0 |    0 |          0 |
|     classifier_inst          |        tlp_classifier |         23 |         23 |       0 |    0 |    0 |      0 |      0 |    0 |          0 |
|       (classifier_inst)      |        tlp_classifier |          1 |          1 |       0 |    0 |    0 |      0 |      0 |    0 |          0 |
|       validator_inst         |         tlp_validator |         22 |         22 |       0 |    0 |    0 |      0 |      0 |    0 |          0 |
|     control_inst             |           tlp_control |          3 |          3 |       0 |    0 |    1 |      0 |      0 |    0 |          0 |
|     credit_manager_inst      |    tlp_credit_manager |        114 |        114 |       0 |    0 |  110 |      0 |      0 |    0 |          0 |
|     generator_inst           |         tlp_generator |        282 |        282 |       0 |    0 |  200 |      0 |      0 |    0 |          0 |
|       (generator_inst)       |         tlp_generator |         76 |         76 |       0 |    0 |  121 |      0 |      0 |    0 |          0 |
|       payload_formatter_inst | tlp_payload_formatter |        206 |        206 |       0 |    0 |   79 |      0 |      0 |    0 |          0 |
|     parser_inst              |            tlp_parser |       1456 |        688 |     768 |    0 |  262 |      0 |      0 |    0 |          0 |
|       (parser_inst)          |            tlp_parser |       1159 |        391 |     768 |    0 |  197 |      0 |      0 |    0 |          0 |
|       ecrc_inst              |           tlp_ecrc__1 |        272 |        272 |       0 |    0 |   65 |      0 |      0 |    0 |          0 |
|       validator_inst         |      tlp_validator__1 |         25 |         25 |       0 |    0 |    0 |      0 |      0 |    0 |          0 |
|     requester_inst           |         tlp_requester |        436 |        436 |       0 |    0 |  128 |      0 |      0 |    0 |          0 |
|     tracker_inst             |   tlp_request_tracker |       2776 |       2776 |       0 |    0 | 2535 |      0 |      0 |    0 |          0 |
|     vc_buffer_inst           |         tlp_vc_buffer |       4184 |        922 |    3262 |    0 |   31 |      0 |      0 |    0 |          0 |
+------------------------------+-----------------------+------------+------------+---------+------+------+--------+--------+------+------------+


