Copyright 1986-2022 Xilinx, Inc. All Rights Reserved. Copyright 2022-2023 Advanced Micro Devices, Inc. All Rights Reserved.
---------------------------------------------------------------------------------------------------------------------------------------------
| Tool Version : Vivado v.2023.2 (lin64) Build 4029153 Fri Oct 13 20:13:54 MDT 2023
| Date         : Fri Aug  7 06:45:03 2026
| Host         : vlsi031.ee.washington.edu running 64-bit CentOS Linux release 7.9.2009 (Core)
| Command      : report_utilization -hierarchical -hierarchical_depth 4 -file /home/kourosh/synth_s1/pcie_enum_top/utilization_hier.rpt
| Design       : pcie_enum_top
| Device       : xczu7ev-ffvc1156-2-e
| Speed File   : -2
| Design State : Synthesized
---------------------------------------------------------------------------------------------------------------------------------------------

Utilization Design Information

Table of Contents
-----------------
1. Utilization by Hierarchy

1. Utilization by Hierarchy
---------------------------

+-------------------+-------------------+------------+------------+---------+------+------+--------+--------+------+------------+
|      Instance     |       Module      | Total LUTs | Logic LUTs | LUTRAMs | SRLs |  FFs | RAMB36 | RAMB18 | URAM | DSP Blocks |
+-------------------+-------------------+------------+------------+---------+------+------+--------+--------+------+------------+
| pcie_enum_top     |             (top) |       1840 |       1840 |       0 |    0 | 2207 |      0 |      0 |    0 |          0 |
|   (pcie_enum_top) |             (top) |         72 |         72 |       0 |    0 |    0 |      0 |      0 |    0 |          0 |
|   u_bar           |  pcie_enum_bar__1 |        802 |        802 |       0 |    0 |  990 |      0 |      0 |    0 |          0 |
|   u_bar2          |     pcie_enum_bar |        801 |        801 |       0 |    0 |  990 |      0 |      0 |    0 |          0 |
|   u_bus           |     pcie_enum_bus |         13 |         13 |       0 |    0 |    7 |      0 |      0 |    0 |          0 |
|   u_scan          | pcie_enum_scan__1 |         39 |         39 |       0 |    0 |   53 |      0 |      0 |    0 |          0 |
|   u_scan2         |    pcie_enum_scan |         39 |         39 |       0 |    0 |   53 |      0 |      0 |    0 |          0 |
|   u_txn           |      pcie_cfg_txn |         74 |         74 |       0 |    0 |  114 |      0 |      0 |    0 |          0 |
+-------------------+-------------------+------------+------------+---------+------+------+--------+--------+------+------------+


