#-----------------------------------------------------------
# Vivado v2023.2 (64-bit)
# SW Build 4029153 on Fri Oct 13 20:13:54 MDT 2023
# IP Build 4028589 on Sat Oct 14 00:45:43 MDT 2023
# SharedData Build 4025554 on Tue Oct 10 17:18:54 MDT 2023
# Start of session at: Fri Aug  7 06:44:04 2026
# Process ID: 48734
# Current directory: /home/kourosh/pcie_endpoint
# Command line: vivado -mode batch -nojournal -log /home/kourosh/synth_s1/pcie_enum_top/vivado.log -source /home/kourosh/pcie_endpoint/synth/s1_ooc.tcl -tclargs pcie_enum_top /home/kourosh/pcie_endpoint /home/kourosh/synth_s1 xczu7ev-ffvc1156-2-e 4.000
# Log file: /home/kourosh/synth_s1/pcie_enum_top/vivado.log
# Journal file: 
# Running On: vlsi031.ee.washington.edu, OS: Linux, CPU Frequency: 3023.529 MHz, CPU Physical cores: 20, Host memory: 201214 MB
#-----------------------------------------------------------
source /home/kourosh/pcie_endpoint/synth/s1_ooc.tcl
# if {[llength $argv] < 1} {
#   puts "ERROR: usage: -tclargs <unit> \[repo_root\] \[out_root\] \[part\] \[period_ns\]"
#   exit 1
# }
# set UNIT   [lindex $argv 0]
# set REPO   [expr {[llength $argv] > 1 ? [lindex $argv 1] : "/home/kourosh/pcie_endpoint"}]
# set OUTROOT [expr {[llength $argv] > 2 ? [lindex $argv 2] : "/home/kourosh/synth_s1"}]
# set PART   [expr {[llength $argv] > 3 ? [lindex $argv 3] : "xczu7ev-ffvc1156-2-e"}]
# set PERIOD [expr {[llength $argv] > 4 ? [lindex $argv 4] : 4.000}]
# set FILES(pcie_enum_top) {
#   src/tlp/tlp_pkg.sv
#   src/rc/pcie_rq_rc_pkg.sv
#   src/rc/pcie_enum_pkg.sv
#   src/rc/pcie_cfg_txn.sv
#   src/rc/pcie_enum_scan.sv
#   src/rc/pcie_enum_bar.sv
#   src/rc/pcie_enum_bus.sv
#   src/rc/pcie_enum_top.sv
# }
# set FILES(pcie_rq_rc_top) {
#   src/tlp/tlp_pkg.sv
#   src/tlp/tlp_ecrc.sv
#   src/tlp/tlp_validator.sv
#   src/tlp/tlp_classifier.sv
#   src/tlp/tlp_bar_decoder.sv
#   src/tlp/tlp_config_decoder.sv
#   src/tlp/tlp_parser.sv
#   src/tlp/tlp_payload_formatter.sv
#   src/tlp/tlp_request_tracker.sv
#   src/tlp/tlp_requester.sv
#   src/tlp/tlp_completion_generator.sv
#   src/tlp/tlp_control.sv
#   src/tlp/tlp_generator.sv
#   src/tlp/tlp_credit_manager.sv
#   src/tlp/tlp_vc_buffer.sv
#   src/tlp/tlp_layer.sv
#   src/rc/pcie_rq_rc_pkg.sv
#   src/rc/pcie_axis_dw_downsize.sv
#   src/rc/pcie_axis_dw_upsize.sv
#   src/rc/pcie_rq_if.sv
#   src/rc/pcie_rc_if.sv
#   src/rc/pcie_rq_rc_top.sv
# }
# if {![info exists FILES($UNIT)]} {
#   puts "ERROR: unknown unit '$UNIT'. Known: [lsort [array names FILES]]"
#   exit 1
# }
# set OUTDIR $OUTROOT/$UNIT
# file mkdir $OUTDIR
# proc mark {msg} {
#   puts "===S1=== $msg"
#   flush stdout
# }
# mark "unit=$UNIT part=$PART period=${PERIOD}ns outdir=$OUTDIR"
===S1=== unit=pcie_enum_top part=xczu7ev-ffvc1156-2-e period=4.0ns outdir=/home/kourosh/synth_s1/pcie_enum_top
# mark "vivado=[version -short]"
===S1=== vivado=2023.2
# mark "PHASE read_verilog ([llength $FILES($UNIT)] files)"
===S1=== PHASE read_verilog (8 files)
# foreach f $FILES($UNIT) {
#   set p $REPO/$f
#   if {![file exists $p]} {
#     puts "ERROR: missing source file $p"
#     exit 1
#   }
#   read_verilog -sv $p
# }
read_verilog: Time (s): cpu = 00:00:07 ; elapsed = 00:00:12 . Memory (MB): peak = 1416.605 ; gain = 2.023 ; free physical = 36856 ; free virtual = 140785
# mark "PHASE synth_design"
===S1=== PHASE synth_design
# synth_design -mode out_of_context -top $UNIT -part $PART -flatten_hierarchy none
Command: synth_design -mode out_of_context -top pcie_enum_top -part xczu7ev-ffvc1156-2-e -flatten_hierarchy none
Starting synth_design
Attempting to get a license for feature 'Synthesis' and/or device 'xczu7ev'
INFO: [Common 17-349] Got license for feature 'Synthesis' and/or device 'xczu7ev'
INFO: [Synth 8-7079] Multithreading enabled for synth_design using a maximum of 4 processes.
INFO: [Synth 8-7078] Launching helper process for spawning children vivado processes
INFO: [Synth 8-7075] Helper process launched with PID 48954
---------------------------------------------------------------------------------
Starting Synthesize : Time (s): cpu = 00:00:04 ; elapsed = 00:00:05 . Memory (MB): peak = 1819.344 ; gain = 402.738 ; free physical = 36195 ; free virtual = 140120
---------------------------------------------------------------------------------
WARNING: [Synth 8-11067] parameter 'TLP_DATA_WIDTH' declared inside package 'tlp_pkg' shall be treated as localparam [/home/kourosh/pcie_endpoint/src/tlp/tlp_pkg.sv:4]
WARNING: [Synth 8-11067] parameter 'TLP_KEEP_WIDTH' declared inside package 'tlp_pkg' shall be treated as localparam [/home/kourosh/pcie_endpoint/src/tlp/tlp_pkg.sv:5]
WARNING: [Synth 8-11067] parameter 'TLP_MAX_PAYLOAD_BYTES' declared inside package 'tlp_pkg' shall be treated as localparam [/home/kourosh/pcie_endpoint/src/tlp/tlp_pkg.sv:6]
INFO: [Synth 8-6157] synthesizing module 'pcie_enum_top' [/home/kourosh/pcie_endpoint/src/rc/pcie_enum_top.sv:176]
INFO: [Synth 8-6157] synthesizing module 'pcie_enum_scan' [/home/kourosh/pcie_endpoint/src/rc/pcie_enum_scan.sv:186]
INFO: [Synth 8-294] found qualifier unique on case statement: implementing as parallel_case [/home/kourosh/pcie_endpoint/src/rc/pcie_enum_scan.sv:344]
INFO: [Synth 8-6155] done synthesizing module 'pcie_enum_scan' (0#1) [/home/kourosh/pcie_endpoint/src/rc/pcie_enum_scan.sv:186]
INFO: [Synth 8-6157] synthesizing module 'pcie_enum_bar' [/home/kourosh/pcie_endpoint/src/rc/pcie_enum_bar.sv:201]
	Parameter MEM_BAR_BASE bound to: 64'b0000000000000000000000000000000010000000000000000000000000000000 
	Parameter MEM_BAR_WINDOW bound to: 64'b0000000000000000000000000000000000010000000000000000000000000000 
INFO: [Synth 8-294] found qualifier unique on case statement: implementing as parallel_case [/home/kourosh/pcie_endpoint/src/rc/pcie_enum_bar.sv:432]
INFO: [Synth 8-6155] done synthesizing module 'pcie_enum_bar' (0#1) [/home/kourosh/pcie_endpoint/src/rc/pcie_enum_bar.sv:201]
INFO: [Synth 8-6157] synthesizing module 'pcie_enum_bus' [/home/kourosh/pcie_endpoint/src/rc/pcie_enum_bus.sv:111]
INFO: [Synth 8-294] found qualifier unique on case statement: implementing as parallel_case [/home/kourosh/pcie_endpoint/src/rc/pcie_enum_bus.sv:219]
INFO: [Synth 8-6155] done synthesizing module 'pcie_enum_bus' (0#1) [/home/kourosh/pcie_endpoint/src/rc/pcie_enum_bus.sv:111]
INFO: [Synth 8-6157] synthesizing module 'pcie_cfg_txn' [/home/kourosh/pcie_endpoint/src/rc/pcie_cfg_txn.sv:120]
	Parameter AXIS_DATA_WIDTH bound to: 32'sb00000000000000000000000010000000 
	Parameter AXIS_KEEP_WIDTH bound to: 32'sb00000000000000000000000000000100 
	Parameter AXIS_USER_WIDTH bound to: 32'sb00000000000000000000000000111100 
	Parameter CRS_RETRY_MAX bound to: 32'b00000000000000000000000000010000 
	Parameter CRS_BACKOFF_CYCLES bound to: 32'b00000000000000000000000001000000 
	Parameter CPL_TIMEOUT_CYCLES bound to: 4096 - type: integer 
INFO: [Synth 8-294] found qualifier unique on case statement: implementing as parallel_case [/home/kourosh/pcie_endpoint/src/rc/pcie_cfg_txn.sv:360]
INFO: [Synth 8-294] found qualifier unique on case statement: implementing as parallel_case [/home/kourosh/pcie_endpoint/src/rc/pcie_cfg_txn.sv:397]
INFO: [Synth 8-6155] done synthesizing module 'pcie_cfg_txn' (0#1) [/home/kourosh/pcie_endpoint/src/rc/pcie_cfg_txn.sv:120]
INFO: [Synth 8-6155] done synthesizing module 'pcie_enum_top' (0#1) [/home/kourosh/pcie_endpoint/src/rc/pcie_enum_top.sv:176]
WARNING: [Synth 8-7129] Port m_axis_rc_tdata_i[95] in module pcie_cfg_txn is either unconnected or has no load
WARNING: [Synth 8-7129] Port m_axis_rc_tdata_i[94] in module pcie_cfg_txn is either unconnected or has no load
WARNING: [Synth 8-7129] Port m_axis_rc_tdata_i[93] in module pcie_cfg_txn is either unconnected or has no load
WARNING: [Synth 8-7129] Port m_axis_rc_tdata_i[92] in module pcie_cfg_txn is either unconnected or has no load
WARNING: [Synth 8-7129] Port m_axis_rc_tdata_i[91] in module pcie_cfg_txn is either unconnected or has no load
WARNING: [Synth 8-7129] Port m_axis_rc_tdata_i[90] in module pcie_cfg_txn is either unconnected or has no load
WARNING: [Synth 8-7129] Port m_axis_rc_tdata_i[89] in module pcie_cfg_txn is either unconnected or has no load
WARNING: [Synth 8-7129] Port m_axis_rc_tdata_i[88] in module pcie_cfg_txn is either unconnected or has no load
WARNING: [Synth 8-7129] Port m_axis_rc_tdata_i[87] in module pcie_cfg_txn is either unconnected or has no load
WARNING: [Synth 8-7129] Port m_axis_rc_tdata_i[86] in module pcie_cfg_txn is either unconnected or has no load
WARNING: [Synth 8-7129] Port m_axis_rc_tdata_i[85] in module pcie_cfg_txn is either unconnected or has no load
WARNING: [Synth 8-7129] Port m_axis_rc_tdata_i[84] in module pcie_cfg_txn is either unconnected or has no load
WARNING: [Synth 8-7129] Port m_axis_rc_tdata_i[83] in module pcie_cfg_txn is either unconnected or has no load
WARNING: [Synth 8-7129] Port m_axis_rc_tdata_i[82] in module pcie_cfg_txn is either unconnected or has no load
WARNING: [Synth 8-7129] Port m_axis_rc_tdata_i[81] in module pcie_cfg_txn is either unconnected or has no load
WARNING: [Synth 8-7129] Port m_axis_rc_tdata_i[80] in module pcie_cfg_txn is either unconnected or has no load
WARNING: [Synth 8-7129] Port m_axis_rc_tdata_i[79] in module pcie_cfg_txn is either unconnected or has no load
WARNING: [Synth 8-7129] Port m_axis_rc_tdata_i[78] in module pcie_cfg_txn is either unconnected or has no load
WARNING: [Synth 8-7129] Port m_axis_rc_tdata_i[77] in module pcie_cfg_txn is either unconnected or has no load
WARNING: [Synth 8-7129] Port m_axis_rc_tdata_i[76] in module pcie_cfg_txn is either unconnected or has no load
WARNING: [Synth 8-7129] Port m_axis_rc_tdata_i[75] in module pcie_cfg_txn is either unconnected or has no load
WARNING: [Synth 8-7129] Port m_axis_rc_tdata_i[74] in module pcie_cfg_txn is either unconnected or has no load
WARNING: [Synth 8-7129] Port m_axis_rc_tdata_i[73] in module pcie_cfg_txn is either unconnected or has no load
WARNING: [Synth 8-7129] Port m_axis_rc_tdata_i[72] in module pcie_cfg_txn is either unconnected or has no load
WARNING: [Synth 8-7129] Port m_axis_rc_tdata_i[63] in module pcie_cfg_txn is either unconnected or has no load
WARNING: [Synth 8-7129] Port m_axis_rc_tdata_i[62] in module pcie_cfg_txn is either unconnected or has no load
WARNING: [Synth 8-7129] Port m_axis_rc_tdata_i[61] in module pcie_cfg_txn is either unconnected or has no load
WARNING: [Synth 8-7129] Port m_axis_rc_tdata_i[60] in module pcie_cfg_txn is either unconnected or has no load
WARNING: [Synth 8-7129] Port m_axis_rc_tdata_i[59] in module pcie_cfg_txn is either unconnected or has no load
WARNING: [Synth 8-7129] Port m_axis_rc_tdata_i[58] in module pcie_cfg_txn is either unconnected or has no load
WARNING: [Synth 8-7129] Port m_axis_rc_tdata_i[57] in module pcie_cfg_txn is either unconnected or has no load
WARNING: [Synth 8-7129] Port m_axis_rc_tdata_i[56] in module pcie_cfg_txn is either unconnected or has no load
WARNING: [Synth 8-7129] Port m_axis_rc_tdata_i[55] in module pcie_cfg_txn is either unconnected or has no load
WARNING: [Synth 8-7129] Port m_axis_rc_tdata_i[54] in module pcie_cfg_txn is either unconnected or has no load
WARNING: [Synth 8-7129] Port m_axis_rc_tdata_i[53] in module pcie_cfg_txn is either unconnected or has no load
WARNING: [Synth 8-7129] Port m_axis_rc_tdata_i[52] in module pcie_cfg_txn is either unconnected or has no load
WARNING: [Synth 8-7129] Port m_axis_rc_tdata_i[51] in module pcie_cfg_txn is either unconnected or has no load
WARNING: [Synth 8-7129] Port m_axis_rc_tdata_i[50] in module pcie_cfg_txn is either unconnected or has no load
WARNING: [Synth 8-7129] Port m_axis_rc_tdata_i[49] in module pcie_cfg_txn is either unconnected or has no load
WARNING: [Synth 8-7129] Port m_axis_rc_tdata_i[48] in module pcie_cfg_txn is either unconnected or has no load
WARNING: [Synth 8-7129] Port m_axis_rc_tdata_i[47] in module pcie_cfg_txn is either unconnected or has no load
WARNING: [Synth 8-7129] Port m_axis_rc_tdata_i[46] in module pcie_cfg_txn is either unconnected or has no load
WARNING: [Synth 8-7129] Port m_axis_rc_tdata_i[42] in module pcie_cfg_txn is either unconnected or has no load
WARNING: [Synth 8-7129] Port m_axis_rc_tdata_i[41] in module pcie_cfg_txn is either unconnected or has no load
WARNING: [Synth 8-7129] Port m_axis_rc_tdata_i[40] in module pcie_cfg_txn is either unconnected or has no load
WARNING: [Synth 8-7129] Port m_axis_rc_tdata_i[39] in module pcie_cfg_txn is either unconnected or has no load
WARNING: [Synth 8-7129] Port m_axis_rc_tdata_i[38] in module pcie_cfg_txn is either unconnected or has no load
WARNING: [Synth 8-7129] Port m_axis_rc_tdata_i[37] in module pcie_cfg_txn is either unconnected or has no load
WARNING: [Synth 8-7129] Port m_axis_rc_tdata_i[36] in module pcie_cfg_txn is either unconnected or has no load
WARNING: [Synth 8-7129] Port m_axis_rc_tdata_i[35] in module pcie_cfg_txn is either unconnected or has no load
WARNING: [Synth 8-7129] Port m_axis_rc_tdata_i[34] in module pcie_cfg_txn is either unconnected or has no load
WARNING: [Synth 8-7129] Port m_axis_rc_tdata_i[33] in module pcie_cfg_txn is either unconnected or has no load
WARNING: [Synth 8-7129] Port m_axis_rc_tdata_i[32] in module pcie_cfg_txn is either unconnected or has no load
WARNING: [Synth 8-7129] Port m_axis_rc_tdata_i[31] in module pcie_cfg_txn is either unconnected or has no load
WARNING: [Synth 8-7129] Port m_axis_rc_tdata_i[29] in module pcie_cfg_txn is either unconnected or has no load
WARNING: [Synth 8-7129] Port m_axis_rc_tdata_i[28] in module pcie_cfg_txn is either unconnected or has no load
WARNING: [Synth 8-7129] Port m_axis_rc_tdata_i[27] in module pcie_cfg_txn is either unconnected or has no load
WARNING: [Synth 8-7129] Port m_axis_rc_tdata_i[26] in module pcie_cfg_txn is either unconnected or has no load
WARNING: [Synth 8-7129] Port m_axis_rc_tdata_i[25] in module pcie_cfg_txn is either unconnected or has no load
WARNING: [Synth 8-7129] Port m_axis_rc_tdata_i[24] in module pcie_cfg_txn is either unconnected or has no load
WARNING: [Synth 8-7129] Port m_axis_rc_tdata_i[23] in module pcie_cfg_txn is either unconnected or has no load
WARNING: [Synth 8-7129] Port m_axis_rc_tdata_i[22] in module pcie_cfg_txn is either unconnected or has no load
WARNING: [Synth 8-7129] Port m_axis_rc_tdata_i[21] in module pcie_cfg_txn is either unconnected or has no load
WARNING: [Synth 8-7129] Port m_axis_rc_tdata_i[20] in module pcie_cfg_txn is either unconnected or has no load
WARNING: [Synth 8-7129] Port m_axis_rc_tdata_i[19] in module pcie_cfg_txn is either unconnected or has no load
WARNING: [Synth 8-7129] Port m_axis_rc_tdata_i[18] in module pcie_cfg_txn is either unconnected or has no load
WARNING: [Synth 8-7129] Port m_axis_rc_tdata_i[17] in module pcie_cfg_txn is either unconnected or has no load
WARNING: [Synth 8-7129] Port m_axis_rc_tdata_i[16] in module pcie_cfg_txn is either unconnected or has no load
WARNING: [Synth 8-7129] Port m_axis_rc_tdata_i[15] in module pcie_cfg_txn is either unconnected or has no load
WARNING: [Synth 8-7129] Port m_axis_rc_tdata_i[14] in module pcie_cfg_txn is either unconnected or has no load
WARNING: [Synth 8-7129] Port m_axis_rc_tdata_i[13] in module pcie_cfg_txn is either unconnected or has no load
WARNING: [Synth 8-7129] Port m_axis_rc_tdata_i[12] in module pcie_cfg_txn is either unconnected or has no load
WARNING: [Synth 8-7129] Port m_axis_rc_tdata_i[11] in module pcie_cfg_txn is either unconnected or has no load
WARNING: [Synth 8-7129] Port m_axis_rc_tdata_i[10] in module pcie_cfg_txn is either unconnected or has no load
WARNING: [Synth 8-7129] Port m_axis_rc_tdata_i[9] in module pcie_cfg_txn is either unconnected or has no load
WARNING: [Synth 8-7129] Port m_axis_rc_tdata_i[8] in module pcie_cfg_txn is either unconnected or has no load
WARNING: [Synth 8-7129] Port m_axis_rc_tdata_i[7] in module pcie_cfg_txn is either unconnected or has no load
WARNING: [Synth 8-7129] Port m_axis_rc_tdata_i[6] in module pcie_cfg_txn is either unconnected or has no load
WARNING: [Synth 8-7129] Port m_axis_rc_tdata_i[5] in module pcie_cfg_txn is either unconnected or has no load
WARNING: [Synth 8-7129] Port m_axis_rc_tdata_i[4] in module pcie_cfg_txn is either unconnected or has no load
WARNING: [Synth 8-7129] Port m_axis_rc_tdata_i[3] in module pcie_cfg_txn is either unconnected or has no load
WARNING: [Synth 8-7129] Port m_axis_rc_tdata_i[2] in module pcie_cfg_txn is either unconnected or has no load
WARNING: [Synth 8-7129] Port m_axis_rc_tdata_i[1] in module pcie_cfg_txn is either unconnected or has no load
WARNING: [Synth 8-7129] Port m_axis_rc_tdata_i[0] in module pcie_cfg_txn is either unconnected or has no load
WARNING: [Synth 8-7129] Port m_axis_rc_tkeep_i[3] in module pcie_cfg_txn is either unconnected or has no load
WARNING: [Synth 8-7129] Port m_axis_rc_tkeep_i[2] in module pcie_cfg_txn is either unconnected or has no load
WARNING: [Synth 8-7129] Port m_axis_rc_tkeep_i[1] in module pcie_cfg_txn is either unconnected or has no load
WARNING: [Synth 8-7129] Port m_axis_rc_tkeep_i[0] in module pcie_cfg_txn is either unconnected or has no load
WARNING: [Synth 8-7129] Port header_type_i[7] in module pcie_enum_bus is either unconnected or has no load
WARNING: [Synth 8-7129] Port rsp_rdata_i[31] in module pcie_enum_bus is either unconnected or has no load
WARNING: [Synth 8-7129] Port rsp_rdata_i[30] in module pcie_enum_bus is either unconnected or has no load
WARNING: [Synth 8-7129] Port rsp_rdata_i[29] in module pcie_enum_bus is either unconnected or has no load
WARNING: [Synth 8-7129] Port rsp_rdata_i[28] in module pcie_enum_bus is either unconnected or has no load
WARNING: [Synth 8-7129] Port rsp_rdata_i[27] in module pcie_enum_bus is either unconnected or has no load
WARNING: [Synth 8-7129] Port rsp_rdata_i[26] in module pcie_enum_bus is either unconnected or has no load
WARNING: [Synth 8-7129] Port rsp_rdata_i[25] in module pcie_enum_bus is either unconnected or has no load
WARNING: [Synth 8-7129] Port rsp_rdata_i[24] in module pcie_enum_bus is either unconnected or has no load
WARNING: [Synth 8-7129] Port rsp_rdata_i[23] in module pcie_enum_bus is either unconnected or has no load
WARNING: [Synth 8-7129] Port rsp_rdata_i[22] in module pcie_enum_bus is either unconnected or has no load
WARNING: [Synth 8-7129] Port rsp_rdata_i[21] in module pcie_enum_bus is either unconnected or has no load
INFO: [Common 17-14] Message 'Synth 8-7129' appears 100 times and further instances of the messages will be disabled. Use the Tcl command set_msg_config to change the current settings.
---------------------------------------------------------------------------------
Finished Synthesize : Time (s): cpu = 00:00:06 ; elapsed = 00:00:07 . Memory (MB): peak = 1909.328 ; gain = 492.723 ; free physical = 36086 ; free virtual = 140013
---------------------------------------------------------------------------------
---------------------------------------------------------------------------------
Finished Constraint Validation : Time (s): cpu = 00:00:07 ; elapsed = 00:00:08 . Memory (MB): peak = 1924.164 ; gain = 507.559 ; free physical = 36086 ; free virtual = 140012
---------------------------------------------------------------------------------
---------------------------------------------------------------------------------
Start Loading Part and Timing Information
---------------------------------------------------------------------------------
Loading part: xczu7ev-ffvc1156-2-e
INFO: [Synth 8-6742] Reading net delay rules and data
---------------------------------------------------------------------------------
Finished Loading Part and Timing Information : Time (s): cpu = 00:00:07 ; elapsed = 00:00:08 . Memory (MB): peak = 1932.168 ; gain = 515.562 ; free physical = 36086 ; free virtual = 140012
---------------------------------------------------------------------------------
INFO: [Device 21-403] Loading part xczu7ev-ffvc1156-2-e
INFO: [Synth 8-802] inferred FSM for state register 'state_r_reg' in module 'pcie_enum_scan'
INFO: [Synth 8-802] inferred FSM for state register 'state_r_reg' in module 'pcie_enum_bar'
INFO: [Synth 8-802] inferred FSM for state register 'state_r_reg' in module 'pcie_enum_bus'
INFO: [Synth 8-802] inferred FSM for state register 'state_r_reg' in module 'pcie_cfg_txn'
---------------------------------------------------------------------------------------------------
                   State |                     New Encoding |                Previous Encoding 
---------------------------------------------------------------------------------------------------
                  S_IDLE |                         10000000 |                              000
             S_PROBE_CMD |                         01000000 |                              001
             S_PROBE_RSP |                         00100000 |                              010
               S_HDR_CMD |                         00010000 |                              011
               S_HDR_RSP |                         00001000 |                              100
           S_UNSUPPORTED |                         00000010 |                              110
                  S_DONE |                         00000100 |                              101
                 S_ERROR |                         00000001 |                              111
---------------------------------------------------------------------------------------------------
INFO: [Synth 8-3354] encoded FSM with state register 'state_r_reg' using encoding 'one-hot' in module 'pcie_enum_scan'
---------------------------------------------------------------------------------------------------
                   State |                     New Encoding |                Previous Encoding 
---------------------------------------------------------------------------------------------------
                  S_IDLE |               000000100000000000 |                            00000
                 S_CHECK |               000000001000000000 |                            00001
               S_SIZE_WR |               000000000000010000 |                            00010
           S_SIZE_WR_RSP |               000000000001000000 |                            00011
               S_SIZE_RD |               000000000010000000 |                            00100
           S_SIZE_RD_RSP |               100000000000000000 |                            00101
                 S_UP_WR |               001000000000000000 |                            00110
             S_UP_WR_RSP |               000010000000000000 |                            00111
                 S_UP_RD |               000100000000000000 |                            01000
             S_UP_RD_RSP |               010000000000000000 |                            01001
             S_ASSIGN_LO |               000001000000000000 |                            01010
         S_ASSIGN_LO_RSP |               000000010000000000 |                            01011
             S_ASSIGN_UP |               000000000000100000 |                            01100
         S_ASSIGN_UP_RSP |               000000000000000100 |                            01101
                S_CMD_WR |               000000000000000001 |                            01110
            S_CMD_WR_RSP |               000000000000000010 |                            01111
                 S_ERROR |               000000000000001000 |                            10001
                  S_DONE |               000000000100000000 |                            10000
---------------------------------------------------------------------------------------------------
INFO: [Synth 8-3354] encoded FSM with state register 'state_r_reg' using encoding 'one-hot' in module 'pcie_enum_bar'
---------------------------------------------------------------------------------------------------
                   State |                     New Encoding |                Previous Encoding 
---------------------------------------------------------------------------------------------------
                  S_IDLE |                              101 |                              000
                S_WR_CMD |                              100 |                              001
                S_WR_RSP |                              011 |                              010
                  S_DONE |                              010 |                              011
                 S_ERROR |                              000 |                              101
                S_BYPASS |                              001 |                              100
---------------------------------------------------------------------------------------------------
INFO: [Synth 8-3354] encoded FSM with state register 'state_r_reg' using encoding 'sequential' in module 'pcie_enum_bus'
---------------------------------------------------------------------------------------------------
                   State |                     New Encoding |                Previous Encoding 
---------------------------------------------------------------------------------------------------
                  S_IDLE |                           000010 |                              000
                  S_DESC |                           001000 |                              001
                  S_DATA |                           100000 |                              010
                  S_WAIT |                           010000 |                              011
                  S_RESP |                           000001 |                              101
               S_BACKOFF |                           000100 |                              100
---------------------------------------------------------------------------------------------------
INFO: [Synth 8-3354] encoded FSM with state register 'state_r_reg' using encoding 'one-hot' in module 'pcie_cfg_txn'
---------------------------------------------------------------------------------
Finished RTL Optimization Phase 2 : Time (s): cpu = 00:00:09 ; elapsed = 00:00:10 . Memory (MB): peak = 1957.879 ; gain = 541.273 ; free physical = 36037 ; free virtual = 139964
---------------------------------------------------------------------------------
No constraint files found.
---------------------------------------------------------------------------------
Start RTL Component Statistics 
---------------------------------------------------------------------------------
Detailed RTL Component Info : 
+---Adders : 
	   2 Input   65 Bit       Adders := 8     
	   2 Input   64 Bit       Adders := 4     
	   2 Input    7 Bit       Adders := 5     
	   2 Input    6 Bit       Adders := 2     
	   2 Input    5 Bit       Adders := 1     
	   2 Input    3 Bit       Adders := 2     
+---Registers : 
	               65 Bit    Registers := 2     
	               64 Bit    Registers := 28    
	               32 Bit    Registers := 4     
	               16 Bit    Registers := 5     
	                8 Bit    Registers := 3     
	                7 Bit    Registers := 1     
	                6 Bit    Registers := 5     
	                5 Bit    Registers := 1     
	                4 Bit    Registers := 7     
	                3 Bit    Registers := 4     
	                1 Bit    Registers := 52    
+---Muxes : 
	   2 Input  128 Bit        Muxes := 1     
	  18 Input   65 Bit        Muxes := 2     
	   2 Input   64 Bit        Muxes := 2     
	   4 Input   32 Bit        Muxes := 2     
	   6 Input   32 Bit        Muxes := 1     
	  42 Input   18 Bit        Muxes := 2     
	   8 Input   16 Bit        Muxes := 4     
	   2 Input   16 Bit        Muxes := 1     
	   8 Input    8 Bit        Muxes := 4     
	   3 Input    8 Bit        Muxes := 4     
	   2 Input    8 Bit        Muxes := 2     
	   6 Input    7 Bit        Muxes := 1     
	   2 Input    6 Bit        Muxes := 14    
	  18 Input    6 Bit        Muxes := 4     
	   6 Input    6 Bit        Muxes := 1     
	   6 Input    5 Bit        Muxes := 1     
	   2 Input    4 Bit        Muxes := 9     
	   8 Input    4 Bit        Muxes := 2     
	   6 Input    4 Bit        Muxes := 3     
	  18 Input    4 Bit        Muxes := 2     
	   4 Input    4 Bit        Muxes := 1     
	   4 Input    3 Bit        Muxes := 7     
	   3 Input    3 Bit        Muxes := 3     
	  18 Input    3 Bit        Muxes := 2     
	   6 Input    3 Bit        Muxes := 2     
	   2 Input    3 Bit        Muxes := 2     
	   8 Input    2 Bit        Muxes := 2     
	   2 Input    2 Bit        Muxes := 1     
	   2 Input    1 Bit        Muxes := 77    
	   8 Input    1 Bit        Muxes := 19    
	   3 Input    1 Bit        Muxes := 2     
	  18 Input    1 Bit        Muxes := 44    
	   6 Input    1 Bit        Muxes := 14    
---------------------------------------------------------------------------------
Finished RTL Component Statistics 
---------------------------------------------------------------------------------
---------------------------------------------------------------------------------
Start Part Resource Summary
---------------------------------------------------------------------------------
Part Resources:
DSPs: 1728 (col length:144)
BRAMs: 624 (col length: RAMB18 144 RAMB36 72)
---------------------------------------------------------------------------------
Finished Part Resource Summary
---------------------------------------------------------------------------------
No constraint files found.
---------------------------------------------------------------------------------
Start Cross Boundary and Area Optimization
---------------------------------------------------------------------------------
WARNING: [Synth 8-7080] Parallel synthesis criteria is not met
---------------------------------------------------------------------------------
Finished Cross Boundary and Area Optimization : Time (s): cpu = 00:00:21 ; elapsed = 00:00:28 . Memory (MB): peak = 2805.777 ; gain = 1389.172 ; free physical = 35211 ; free virtual = 139140
---------------------------------------------------------------------------------
No constraint files found.
---------------------------------------------------------------------------------
Start Timing Optimization
---------------------------------------------------------------------------------
---------------------------------------------------------------------------------
Finished Timing Optimization : Time (s): cpu = 00:00:22 ; elapsed = 00:00:29 . Memory (MB): peak = 2805.777 ; gain = 1389.172 ; free physical = 35210 ; free virtual = 139138
---------------------------------------------------------------------------------
---------------------------------------------------------------------------------
Start Technology Mapping
---------------------------------------------------------------------------------
---------------------------------------------------------------------------------
Finished Technology Mapping : Time (s): cpu = 00:00:23 ; elapsed = 00:00:29 . Memory (MB): peak = 2805.777 ; gain = 1389.172 ; free physical = 35211 ; free virtual = 139140
---------------------------------------------------------------------------------
---------------------------------------------------------------------------------
Start IO Insertion
---------------------------------------------------------------------------------
---------------------------------------------------------------------------------
Start Final Netlist Cleanup
---------------------------------------------------------------------------------
---------------------------------------------------------------------------------
Finished Final Netlist Cleanup
---------------------------------------------------------------------------------
---------------------------------------------------------------------------------
Finished IO Insertion : Time (s): cpu = 00:00:27 ; elapsed = 00:00:34 . Memory (MB): peak = 2805.777 ; gain = 1389.172 ; free physical = 35212 ; free virtual = 139141
---------------------------------------------------------------------------------
---------------------------------------------------------------------------------
Start Renaming Generated Instances
---------------------------------------------------------------------------------
---------------------------------------------------------------------------------
Finished Renaming Generated Instances : Time (s): cpu = 00:00:27 ; elapsed = 00:00:34 . Memory (MB): peak = 2805.777 ; gain = 1389.172 ; free physical = 35212 ; free virtual = 139141
---------------------------------------------------------------------------------
---------------------------------------------------------------------------------
Start Handling Custom Attributes
---------------------------------------------------------------------------------
---------------------------------------------------------------------------------
Finished Handling Custom Attributes : Time (s): cpu = 00:00:27 ; elapsed = 00:00:34 . Memory (MB): peak = 2805.777 ; gain = 1389.172 ; free physical = 35212 ; free virtual = 139141
---------------------------------------------------------------------------------
---------------------------------------------------------------------------------
Start Writing Synthesis Report
---------------------------------------------------------------------------------

Report BlackBoxes: 
+-+--------------+----------+
| |BlackBox name |Instances |
+-+--------------+----------+
+-+--------------+----------+

Report Cell Usage: 
+------+-------+------+
|      |Cell   |Count |
+------+-------+------+
|1     |CARRY8 |   134|
|2     |LUT1   |   181|
|3     |LUT2   |  1199|
|4     |LUT3   |   568|
|5     |LUT4   |   191|
|6     |LUT5   |   267|
|7     |LUT6   |   258|
|8     |FDRE   |  2196|
|9     |FDSE   |    11|
+------+-------+------+

Report Instance Areas: 
+------+----------+------------------+------+
|      |Instance  |Module            |Cells |
+------+----------+------------------+------+
|1     |top       |                  |  5005|
|2     |  u_scan  |pcie_enum_scan__1 |   117|
|3     |  u_bar   |pcie_enum_bar__1  |  2213|
|4     |  u_bus   |pcie_enum_bus     |    25|
|5     |  u_scan2 |pcie_enum_scan    |   116|
|6     |  u_bar2  |pcie_enum_bar     |  2212|
|7     |  u_txn   |pcie_cfg_txn      |   237|
+------+----------+------------------+------+
---------------------------------------------------------------------------------
Finished Writing Synthesis Report : Time (s): cpu = 00:00:27 ; elapsed = 00:00:34 . Memory (MB): peak = 2805.777 ; gain = 1389.172 ; free physical = 35212 ; free virtual = 139141
---------------------------------------------------------------------------------
Synthesis finished with 0 errors, 0 critical warnings and 246 warnings.
Synthesis Optimization Runtime : Time (s): cpu = 00:00:27 ; elapsed = 00:00:34 . Memory (MB): peak = 2805.777 ; gain = 1389.172 ; free physical = 35212 ; free virtual = 139141
Synthesis Optimization Complete : Time (s): cpu = 00:00:27 ; elapsed = 00:00:34 . Memory (MB): peak = 2805.777 ; gain = 1389.172 ; free physical = 35212 ; free virtual = 139141
INFO: [Project 1-571] Translating synthesized netlist
Netlist sorting complete. Time (s): cpu = 00:00:00.03 ; elapsed = 00:00:00.03 . Memory (MB): peak = 2805.777 ; gain = 0.000 ; free physical = 35492 ; free virtual = 139420
INFO: [Netlist 29-17] Analyzing 134 Unisim elements for replacement
INFO: [Netlist 29-28] Unisim Transformation completed in 0 CPU seconds
INFO: [Project 1-570] Preparing netlist for logic optimization
INFO: [Opt 31-138] Pushed 0 inverter(s) to 0 load pin(s).
Netlist sorting complete. Time (s): cpu = 00:00:00 ; elapsed = 00:00:00 . Memory (MB): peak = 2861.789 ; gain = 0.000 ; free physical = 35490 ; free virtual = 139418
INFO: [Project 1-111] Unisim Transformation Summary:
No Unisim elements were transformed.

Synth Design complete | Checksum: 438d087a
INFO: [Common 17-83] Releasing license: Synthesis
37 Infos, 104 Warnings, 0 Critical Warnings and 0 Errors encountered.
synth_design completed successfully
synth_design: Time (s): cpu = 00:00:34 ; elapsed = 00:00:39 . Memory (MB): peak = 2861.789 ; gain = 1445.184 ; free physical = 35488 ; free virtual = 139417
INFO: [Common 17-2834] synth_design peak Physical Memory [PSS] (MB): overall = 2324.031; main = 2055.372; forked = 372.513
INFO: [Common 17-2834] synth_design peak Virtual Memory [VSS] (MB): overall = 4113.312; main = 2861.793; forked = 1307.547
# mark "PHASE create_clock 250MHz placeholder"
===S1=== PHASE create_clock 250MHz placeholder
# if {[llength [get_ports -quiet clk_i]] == 0} {
#   puts "ERROR: no clk_i port on $UNIT -- the clock port name must be re-derived"
#   exit 1
# }
# create_clock -name clk_placeholder -period $PERIOD [get_ports clk_i]
create_clock: Time (s): cpu = 00:00:05 ; elapsed = 00:00:05 . Memory (MB): peak = 2861.789 ; gain = 0.000 ; free physical = 35489 ; free virtual = 139418
# mark "PHASE reports"
===S1=== PHASE reports
# report_utilization           -file $OUTDIR/utilization.rpt
# report_utilization -hierarchical -hierarchical_depth 4 \
#                              -file $OUTDIR/utilization_hier.rpt
# report_timing_summary -delay_type max -max_paths 20 -input_pins \
#                              -file $OUTDIR/timing_summary.rpt
INFO: [Timing 38-91] UpdateTimingParams: Speed grade: -2, Temperature grade: E, Delay Type: max.
INFO: [Timing 38-191] Multithreading enabled for timing update using a maximum of 8 CPUs
INFO: [Timing 38-35] Done setting XDC timing constraints.
WARNING: [Timing 38-242] The property HD.CLK_SRC of clock port "clk_i" is not set. In out-of-context mode, this prevents timing estimation for clock delay/skew
Resolution: Set the HD.CLK_SRC property of the out-of-context port to the location of the clock buffer instance in the top-level design
report_timing_summary: Time (s): cpu = 00:00:26 ; elapsed = 00:00:33 . Memory (MB): peak = 4319.555 ; gain = 1457.766 ; free physical = 34298 ; free virtual = 138204
# report_timing -delay_type max -max_paths 20 -nworst 20 -sort_by slack \
#                              -file $OUTDIR/timing_worst20.rpt
INFO: [Timing 38-91] UpdateTimingParams: Speed grade: -2, Temperature grade: E, Delay Type: max.
INFO: [Timing 38-191] Multithreading enabled for timing update using a maximum of 8 CPUs
INFO: [Timing 38-78] ReportTimingParams: -max_paths 20 -nworst 20 -delay_type max -sort_by slack.
# report_methodology           -file $OUTDIR/methodology.rpt
Command: report_methodology -file /home/kourosh/synth_s1/pcie_enum_top/methodology.rpt
INFO: [Timing 38-35] Done setting XDC timing constraints.
INFO: [DRC 23-133] Running Methodology with 8 threads
INFO: [Vivado_Tcl 2-1520] The results of Report Methodology are in file /home/kourosh/synth_s1/pcie_enum_top/methodology.rpt.
report_methodology completed successfully
# report_clocks                -file $OUTDIR/clocks.rpt
INFO: [Timing 38-35] Done setting XDC timing constraints.
# report_drc -ruledecks {default} -file $OUTDIR/drc.rpt
Command: report_drc -ruledecks default -file /home/kourosh/synth_s1/pcie_enum_top/drc.rpt
INFO: [IP_Flow 19-234] Refreshing IP repositories
INFO: [IP_Flow 19-1704] No user IP repositories specified
INFO: [IP_Flow 19-2313] Loaded Vivado IP repository '/home/kourosh/tools/Xilinx/Vivado/2023.2/data/ip'.
INFO: [DRC 23-27] Running DRC with 8 threads
INFO: [Vivado_Tcl 2-168] The results of DRC are in file /home/kourosh/synth_s1/pcie_enum_top/drc.rpt.
report_drc completed successfully
# mark "PHASE latch query"
===S1=== PHASE latch query
# set latch_cells [get_cells -hier -quiet -filter {PRIMITIVE_SUBGROUP == LATCH}]
# set lf [open $OUTDIR/latches_netlist.txt w]
# puts $lf "unit: $UNIT"
# puts $lf "latch primitives in the synthesized netlist: [llength $latch_cells]"
# foreach c $latch_cells {
#   puts $lf "  $c  ref=[get_property REF_NAME $c]"
# }
# close $lf
# mark "LATCH_COUNT [llength $latch_cells]"
===S1=== LATCH_COUNT 0
# write_checkpoint -force $OUTDIR/$UNIT.dcp
INFO: [Timing 38-480] Writing timing data to binary archive.
Write ShapeDB Complete: Time (s): cpu = 00:00:00.02 ; elapsed = 00:00:00.01 . Memory (MB): peak = 4383.586 ; gain = 0.000 ; free physical = 34289 ; free virtual = 138196
INFO: [Common 17-1381] The checkpoint '/home/kourosh/synth_s1/pcie_enum_top/pcie_enum_top.dcp' has been generated.
# mark "PHASE done"
===S1=== PHASE done
# exit 0
INFO: [Common 17-206] Exiting Vivado at Fri Aug  7 06:45:42 2026...
