#-----------------------------------------------------------
# Vivado v2023.2 (64-bit)
# SW Build 4029153 on Fri Oct 13 20:13:54 MDT 2023
# IP Build 4028589 on Sat Oct 14 00:45:43 MDT 2023
# SharedData Build 4025554 on Tue Oct 10 17:18:54 MDT 2023
# Start of session at: Fri Aug  7 06:46:07 2026
# Process ID: 50257
# Current directory: /home/kourosh/pcie_endpoint
# Command line: vivado -mode batch -nojournal -log /home/kourosh/synth_s1/pcie_rq_rc_top/vivado.log -source /home/kourosh/pcie_endpoint/synth/s1_ooc.tcl -tclargs pcie_rq_rc_top /home/kourosh/pcie_endpoint /home/kourosh/synth_s1 xczu7ev-ffvc1156-2-e 4.000
# Log file: /home/kourosh/synth_s1/pcie_rq_rc_top/vivado.log
# Journal file: 
# Running On: vlsi031.ee.washington.edu, OS: Linux, CPU Frequency: 2998.809 MHz, CPU Physical cores: 20, Host memory: 201214 MB
#-----------------------------------------------------------
source /home/kourosh/pcie_endpoint/synth/s1_ooc.tcl
# if {[llength $argv] < 1} {
#   puts "ERROR: usage: -tclargs <unit> \[repo_root\] \[out_root\] \[part\] \[period_ns\]"
#   exit 1
# }
# set UNIT   [lindex $argv 0]
# set REPO   [expr {[llength $argv] > 1 ? [lindex $argv 1] : "/home/kourosh/pcie_endpoint"}]
# set OUTROOT [expr {[llength $argv] > 2 ? [lindex $argv 2] : "/home/kourosh/synth_s1"}]
# set PART   [expr {[llength $argv] > 3 ? [lindex $argv 3] : "xczu7ev-ffvc1156-2-e"}]
# set PERIOD [expr {[llength $argv] > 4 ? [lindex $argv 4] : 4.000}]
# set FILES(pcie_enum_top) {
#   src/tlp/tlp_pkg.sv
#   src/rc/pcie_rq_rc_pkg.sv
#   src/rc/pcie_enum_pkg.sv
#   src/rc/pcie_cfg_txn.sv
#   src/rc/pcie_enum_scan.sv
#   src/rc/pcie_enum_bar.sv
#   src/rc/pcie_enum_bus.sv
#   src/rc/pcie_enum_top.sv
# }
# set FILES(pcie_rq_rc_top) {
#   src/tlp/tlp_pkg.sv
#   src/tlp/tlp_ecrc.sv
#   src/tlp/tlp_validator.sv
#   src/tlp/tlp_classifier.sv
#   src/tlp/tlp_bar_decoder.sv
#   src/tlp/tlp_config_decoder.sv
#   src/tlp/tlp_parser.sv
#   src/tlp/tlp_payload_formatter.sv
#   src/tlp/tlp_request_tracker.sv
#   src/tlp/tlp_requester.sv
#   src/tlp/tlp_completion_generator.sv
#   src/tlp/tlp_control.sv
#   src/tlp/tlp_generator.sv
#   src/tlp/tlp_credit_manager.sv
#   src/tlp/tlp_vc_buffer.sv
#   src/tlp/tlp_layer.sv
#   src/rc/pcie_rq_rc_pkg.sv
#   src/rc/pcie_axis_dw_downsize.sv
#   src/rc/pcie_axis_dw_upsize.sv
#   src/rc/pcie_rq_if.sv
#   src/rc/pcie_rc_if.sv
#   src/rc/pcie_rq_rc_top.sv
# }
# if {![info exists FILES($UNIT)]} {
#   puts "ERROR: unknown unit '$UNIT'. Known: [lsort [array names FILES]]"
#   exit 1
# }
# set OUTDIR $OUTROOT/$UNIT
# file mkdir $OUTDIR
# proc mark {msg} {
#   puts "===S1=== $msg"
#   flush stdout
# }
# mark "unit=$UNIT part=$PART period=${PERIOD}ns outdir=$OUTDIR"
===S1=== unit=pcie_rq_rc_top part=xczu7ev-ffvc1156-2-e period=4.0ns outdir=/home/kourosh/synth_s1/pcie_rq_rc_top
# mark "vivado=[version -short]"
===S1=== vivado=2023.2
# mark "PHASE read_verilog ([llength $FILES($UNIT)] files)"
===S1=== PHASE read_verilog (22 files)
# foreach f $FILES($UNIT) {
#   set p $REPO/$f
#   if {![file exists $p]} {
#     puts "ERROR: missing source file $p"
#     exit 1
#   }
#   read_verilog -sv $p
# }
read_verilog: Time (s): cpu = 00:00:07 ; elapsed = 00:00:07 . Memory (MB): peak = 1416.605 ; gain = 2.023 ; free physical = 36879 ; free virtual = 140785
# mark "PHASE synth_design"
===S1=== PHASE synth_design
# synth_design -mode out_of_context -top $UNIT -part $PART -flatten_hierarchy none
Command: synth_design -mode out_of_context -top pcie_rq_rc_top -part xczu7ev-ffvc1156-2-e -flatten_hierarchy none
Starting synth_design
Attempting to get a license for feature 'Synthesis' and/or device 'xczu7ev'
INFO: [Common 17-349] Got license for feature 'Synthesis' and/or device 'xczu7ev'
INFO: [Synth 8-7079] Multithreading enabled for synth_design using a maximum of 4 processes.
INFO: [Synth 8-7078] Launching helper process for spawning children vivado processes
INFO: [Synth 8-7075] Helper process launched with PID 50447
---------------------------------------------------------------------------------
Starting Synthesize : Time (s): cpu = 00:00:04 ; elapsed = 00:00:04 . Memory (MB): peak = 1819.344 ; gain = 402.727 ; free physical = 36219 ; free virtual = 140125
---------------------------------------------------------------------------------
WARNING: [Synth 8-11067] parameter 'TLP_DATA_WIDTH' declared inside package 'tlp_pkg' shall be treated as localparam [/home/kourosh/pcie_endpoint/src/tlp/tlp_pkg.sv:4]
WARNING: [Synth 8-11067] parameter 'TLP_KEEP_WIDTH' declared inside package 'tlp_pkg' shall be treated as localparam [/home/kourosh/pcie_endpoint/src/tlp/tlp_pkg.sv:5]
WARNING: [Synth 8-11067] parameter 'TLP_MAX_PAYLOAD_BYTES' declared inside package 'tlp_pkg' shall be treated as localparam [/home/kourosh/pcie_endpoint/src/tlp/tlp_pkg.sv:6]
INFO: [Synth 8-6157] synthesizing module 'pcie_rq_rc_top' [/home/kourosh/pcie_endpoint/src/rc/pcie_rq_rc_top.sv:226]
INFO: [Synth 8-6157] synthesizing module 'pcie_rq_if' [/home/kourosh/pcie_endpoint/src/rc/pcie_rq_if.sv:150]
	Parameter AXIS_DATA_WIDTH bound to: 32'sb00000000000000000000000010000000 
	Parameter AXIS_KEEP_WIDTH bound to: 32'sb00000000000000000000000000000100 
	Parameter AXIS_USER_WIDTH bound to: 32'sb00000000000000000000000000111100 
	Parameter TL_DATA_WIDTH bound to: 32'sb00000000000000000000000000100000 
	Parameter TL_KEEP_WIDTH bound to: 32'sb00000000000000000000000000000100 
	Parameter CONTEXT_WIDTH bound to: 32'sb00000000000000000000000000010000 
INFO: [Synth 8-294] found qualifier unique on case statement: implementing as parallel_case [/home/kourosh/pcie_endpoint/src/rc/pcie_rq_if.sv:263]
INFO: [Synth 8-6157] synthesizing module 'pcie_axis_dw_downsize' [/home/kourosh/pcie_endpoint/src/rc/pcie_axis_dw_downsize.sv:58]
	Parameter DATA_WIDTH_WIDE bound to: 32'sb00000000000000000000000010000000 
	Parameter DATA_WIDTH_NARROW bound to: 32'sb00000000000000000000000000100000 
INFO: [Synth 8-6155] done synthesizing module 'pcie_axis_dw_downsize' (0#1) [/home/kourosh/pcie_endpoint/src/rc/pcie_axis_dw_downsize.sv:58]
INFO: [Synth 8-294] found qualifier unique on case statement: implementing as parallel_case [/home/kourosh/pcie_endpoint/src/rc/pcie_rq_if.sv:500]
INFO: [Synth 8-294] found qualifier unique on case statement: implementing as parallel_case [/home/kourosh/pcie_endpoint/src/rc/pcie_rq_if.sv:553]
INFO: [Synth 8-6155] done synthesizing module 'pcie_rq_if' (0#1) [/home/kourosh/pcie_endpoint/src/rc/pcie_rq_if.sv:150]
INFO: [Synth 8-6157] synthesizing module 'tlp_layer' [/home/kourosh/pcie_endpoint/src/tlp/tlp_layer.sv:2]
	Parameter DATA_WIDTH bound to: 32'sb00000000000000000000000000100000 
	Parameter KEEP_WIDTH bound to: 32'sb00000000000000000000000000000100 
	Parameter USER_WIDTH bound to: 32'sb00000000000000000000000000000011 
	Parameter TAG_COUNT bound to: 32'sb00000000000000000000000000100000 
	Parameter CONTEXT_WIDTH bound to: 32'sb00000000000000000000000000010000 
	Parameter CPL_TIMEOUT_CYCLES bound to: 4096 - type: integer 
INFO: [Synth 8-6157] synthesizing module 'tlp_parser' [/home/kourosh/pcie_endpoint/src/tlp/tlp_parser.sv:2]
	Parameter DATA_WIDTH bound to: 32'sb00000000000000000000000000100000 
	Parameter KEEP_WIDTH bound to: 32'sb00000000000000000000000000000100 
	Parameter USER_WIDTH bound to: 32'sb00000000000000000000000000000011 
	Parameter PCIE_WIRE_ORDER bound to: 1'b0 
INFO: [Synth 8-294] found qualifier unique on case statement: implementing as parallel_case [/home/kourosh/pcie_endpoint/src/tlp/tlp_parser.sv:104]
INFO: [Synth 8-6157] synthesizing module 'tlp_validator' [/home/kourosh/pcie_endpoint/src/tlp/tlp_validator.sv:2]
INFO: [Synth 8-6155] done synthesizing module 'tlp_validator' (0#1) [/home/kourosh/pcie_endpoint/src/tlp/tlp_validator.sv:2]
INFO: [Synth 8-6157] synthesizing module 'tlp_ecrc' [/home/kourosh/pcie_endpoint/src/tlp/tlp_ecrc.sv:2]
INFO: [Synth 8-6155] done synthesizing module 'tlp_ecrc' (0#1) [/home/kourosh/pcie_endpoint/src/tlp/tlp_ecrc.sv:2]
INFO: [Synth 8-6155] done synthesizing module 'tlp_parser' (0#1) [/home/kourosh/pcie_endpoint/src/tlp/tlp_parser.sv:2]
INFO: [Synth 8-6157] synthesizing module 'tlp_classifier' [/home/kourosh/pcie_endpoint/src/tlp/tlp_classifier.sv:2]
INFO: [Synth 8-294] found qualifier unique on case statement: implementing as parallel_case [/home/kourosh/pcie_endpoint/src/tlp/tlp_classifier.sv:27]
INFO: [Synth 8-6155] done synthesizing module 'tlp_classifier' (0#1) [/home/kourosh/pcie_endpoint/src/tlp/tlp_classifier.sv:2]
INFO: [Synth 8-6157] synthesizing module 'tlp_bar_decoder' [/home/kourosh/pcie_endpoint/src/tlp/tlp_bar_decoder.sv:2]
	Parameter BAR_COUNT bound to: 32'sb00000000000000000000000000000010 
	Parameter BAR_BASE bound to: 128'b00000000000000000000000000000000000000000000000000000000000000000000000000000000000000000000000000000000000000000000000000000000 
	Parameter BAR_MASK bound to: 128'b00000000000000000000000000000000000000000000000000000000000000001111111111111111111111111111111111111111111111111111000000000000 
	Parameter BAR_ENABLE bound to: 2'b01 
INFO: [Synth 8-6155] done synthesizing module 'tlp_bar_decoder' (0#1) [/home/kourosh/pcie_endpoint/src/tlp/tlp_bar_decoder.sv:2]
INFO: [Synth 8-6157] synthesizing module 'tlp_config_decoder' [/home/kourosh/pcie_endpoint/src/tlp/tlp_config_decoder.sv:2]
INFO: [Synth 8-6155] done synthesizing module 'tlp_config_decoder' (0#1) [/home/kourosh/pcie_endpoint/src/tlp/tlp_config_decoder.sv:2]
INFO: [Synth 8-6157] synthesizing module 'tlp_requester' [/home/kourosh/pcie_endpoint/src/tlp/tlp_requester.sv:2]
	Parameter DATA_WIDTH bound to: 32'sb00000000000000000000000000100000 
	Parameter KEEP_WIDTH bound to: 32'sb00000000000000000000000000000100 
	Parameter CONTEXT_WIDTH bound to: 32'sb00000000000000000000000000010000 
INFO: [Synth 8-294] found qualifier unique on case statement: implementing as parallel_case [/home/kourosh/pcie_endpoint/src/tlp/tlp_requester.sv:218]
INFO: [Synth 8-6155] done synthesizing module 'tlp_requester' (0#1) [/home/kourosh/pcie_endpoint/src/tlp/tlp_requester.sv:2]
INFO: [Synth 8-6157] synthesizing module 'tlp_request_tracker' [/home/kourosh/pcie_endpoint/src/tlp/tlp_request_tracker.sv:105]
	Parameter TAG_COUNT bound to: 32'sb00000000000000000000000000100000 
	Parameter CONTEXT_WIDTH bound to: 32'sb00000000000000000000000000010000 
	Parameter CPL_TIMEOUT_CYCLES bound to: 4096 - type: integer 
INFO: [Synth 8-6155] done synthesizing module 'tlp_request_tracker' (0#1) [/home/kourosh/pcie_endpoint/src/tlp/tlp_request_tracker.sv:105]
INFO: [Synth 8-6157] synthesizing module 'tlp_completion_generator' [/home/kourosh/pcie_endpoint/src/tlp/tlp_completion_generator.sv:2]
	Parameter DATA_WIDTH bound to: 32'sb00000000000000000000000000100000 
	Parameter KEEP_WIDTH bound to: 32'sb00000000000000000000000000000100 
INFO: [Synth 8-294] found qualifier unique on case statement: implementing as parallel_case [/home/kourosh/pcie_endpoint/src/tlp/tlp_completion_generator.sv:103]
INFO: [Synth 8-6155] done synthesizing module 'tlp_completion_generator' (0#1) [/home/kourosh/pcie_endpoint/src/tlp/tlp_completion_generator.sv:2]
INFO: [Synth 8-6157] synthesizing module 'tlp_control' [/home/kourosh/pcie_endpoint/src/tlp/tlp_control.sv:2]
	Parameter DATA_WIDTH bound to: 32'sb00000000000000000000000000100000 
	Parameter KEEP_WIDTH bound to: 32'sb00000000000000000000000000000100 
INFO: [Synth 8-6155] done synthesizing module 'tlp_control' (0#1) [/home/kourosh/pcie_endpoint/src/tlp/tlp_control.sv:2]
INFO: [Synth 8-6157] synthesizing module 'tlp_generator' [/home/kourosh/pcie_endpoint/src/tlp/tlp_generator.sv:2]
	Parameter DATA_WIDTH bound to: 32'sb00000000000000000000000000100000 
	Parameter KEEP_WIDTH bound to: 32'sb00000000000000000000000000000100 
	Parameter USER_WIDTH bound to: 32'sb00000000000000000000000000000011 
	Parameter PCIE_WIRE_ORDER bound to: 1'b0 
INFO: [Synth 8-294] found qualifier unique on case statement: implementing as parallel_case [/home/kourosh/pcie_endpoint/src/tlp/tlp_generator.sv:110]
INFO: [Synth 8-294] found qualifier unique on case statement: implementing as parallel_case [/home/kourosh/pcie_endpoint/src/tlp/tlp_generator.sv:166]
INFO: [Synth 8-6157] synthesizing module 'tlp_payload_formatter' [/home/kourosh/pcie_endpoint/src/tlp/tlp_payload_formatter.sv:2]
	Parameter DATA_WIDTH bound to: 32'sb00000000000000000000000000100000 
	Parameter KEEP_WIDTH bound to: 32'sb00000000000000000000000000000100 
INFO: [Synth 8-294] found qualifier unique on case statement: implementing as parallel_case [/home/kourosh/pcie_endpoint/src/tlp/tlp_payload_formatter.sv:49]
INFO: [Synth 8-6155] done synthesizing module 'tlp_payload_formatter' (0#1) [/home/kourosh/pcie_endpoint/src/tlp/tlp_payload_formatter.sv:2]
INFO: [Synth 8-6155] done synthesizing module 'tlp_generator' (0#1) [/home/kourosh/pcie_endpoint/src/tlp/tlp_generator.sv:2]
INFO: [Synth 8-6157] synthesizing module 'tlp_vc_buffer' [/home/kourosh/pcie_endpoint/src/tlp/tlp_vc_buffer.sv:2]
	Parameter DATA_WIDTH bound to: 32'sb00000000000000000000000000100000 
	Parameter KEEP_WIDTH bound to: 32'sb00000000000000000000000000000100 
	Parameter USER_WIDTH bound to: 32'sb00000000000000000000000000000011 
	Parameter PACKET_DEPTH bound to: 32'sb00000000000000000000000000000100 
INFO: [Synth 8-6155] done synthesizing module 'tlp_vc_buffer' (0#1) [/home/kourosh/pcie_endpoint/src/tlp/tlp_vc_buffer.sv:2]
INFO: [Synth 8-6157] synthesizing module 'tlp_credit_manager' [/home/kourosh/pcie_endpoint/src/tlp/tlp_credit_manager.sv:66]
INFO: [Synth 8-6155] done synthesizing module 'tlp_credit_manager' (0#1) [/home/kourosh/pcie_endpoint/src/tlp/tlp_credit_manager.sv:66]
INFO: [Synth 8-6155] done synthesizing module 'tlp_layer' (0#1) [/home/kourosh/pcie_endpoint/src/tlp/tlp_layer.sv:2]
INFO: [Synth 8-6157] synthesizing module 'pcie_rc_if' [/home/kourosh/pcie_endpoint/src/rc/pcie_rc_if.sv:172]
	Parameter AXIS_DATA_WIDTH bound to: 32'sb00000000000000000000000010000000 
	Parameter AXIS_KEEP_WIDTH bound to: 32'sb00000000000000000000000000000100 
	Parameter TL_DATA_WIDTH bound to: 32'sb00000000000000000000000000100000 
	Parameter TL_KEEP_WIDTH bound to: 32'sb00000000000000000000000000000100 
	Parameter CONTEXT_WIDTH bound to: 32'sb00000000000000000000000000010000 
INFO: [Synth 8-294] found qualifier unique on case statement: implementing as parallel_case [/home/kourosh/pcie_endpoint/src/rc/pcie_rc_if.sv:321]
INFO: [Synth 8-294] found qualifier unique on case statement: implementing as parallel_case [/home/kourosh/pcie_endpoint/src/rc/pcie_rc_if.sv:323]
INFO: [Synth 8-6157] synthesizing module 'pcie_axis_dw_upsize' [/home/kourosh/pcie_endpoint/src/rc/pcie_axis_dw_upsize.sv:51]
	Parameter DATA_WIDTH_NARROW bound to: 32'sb00000000000000000000000000100000 
	Parameter DATA_WIDTH_WIDE bound to: 32'sb00000000000000000000000010000000 
INFO: [Synth 8-6155] done synthesizing module 'pcie_axis_dw_upsize' (0#1) [/home/kourosh/pcie_endpoint/src/rc/pcie_axis_dw_upsize.sv:51]
INFO: [Synth 8-294] found qualifier unique on case statement: implementing as parallel_case [/home/kourosh/pcie_endpoint/src/rc/pcie_rc_if.sv:412]
INFO: [Synth 8-6155] done synthesizing module 'pcie_rc_if' (0#1) [/home/kourosh/pcie_endpoint/src/rc/pcie_rc_if.sv:172]
INFO: [Synth 8-6155] done synthesizing module 'pcie_rq_rc_top' (0#1) [/home/kourosh/pcie_endpoint/src/rc/pcie_rq_rc_top.sv:226]
WARNING: [Synth 8-6014] Unused sequential element append_index_reg was removed.  [/home/kourosh/pcie_endpoint/src/tlp/tlp_payload_formatter.sv:59]
WARNING: [Synth 8-6014] Unused sequential element header_r_reg[prefix_present] was removed.  [/home/kourosh/pcie_endpoint/src/tlp/tlp_generator.sv:164]
WARNING: [Synth 8-6014] Unused sequential element header_r_reg[digest] was removed.  [/home/kourosh/pcie_endpoint/src/tlp/tlp_generator.sv:164]
WARNING: [Synth 8-11357] Potential Runtime issue for 3D-RAM or RAM from Record/Structs for RAM  data_mem_reg with 131840 registers
WARNING: [Synth 8-11357] Potential Runtime issue for 3D-RAM or RAM from Record/Structs for RAM  keep_mem_reg with 16480 registers
WARNING: [Synth 8-11357] Potential Runtime issue for 3D-RAM or RAM from Record/Structs for RAM  user_mem_reg with 12360 registers
WARNING: [Synth 8-6014] Unused sequential element word_count_mem_reg[0] was removed.  [/home/kourosh/pcie_endpoint/src/tlp/tlp_vc_buffer.sv:78]
WARNING: [Synth 8-6014] Unused sequential element word_count_mem_reg[1] was removed.  [/home/kourosh/pcie_endpoint/src/tlp/tlp_vc_buffer.sv:78]
WARNING: [Synth 8-6014] Unused sequential element word_count_mem_reg[2] was removed.  [/home/kourosh/pcie_endpoint/src/tlp/tlp_vc_buffer.sv:78]
WARNING: [Synth 8-6014] Unused sequential element word_count_mem_reg[3] was removed.  [/home/kourosh/pcie_endpoint/src/tlp/tlp_vc_buffer.sv:78]
WARNING: [Synth 8-6014] Unused sequential element hdr_r_reg[tlp_type] was removed.  [/home/kourosh/pcie_endpoint/src/rc/pcie_rc_if.sv:391]
WARNING: [Synth 8-6014] Unused sequential element hdr_r_reg[digest_present] was removed.  [/home/kourosh/pcie_endpoint/src/rc/pcie_rc_if.sv:391]
WARNING: [Synth 8-6014] Unused sequential element hdr_r_reg[th] was removed.  [/home/kourosh/pcie_endpoint/src/rc/pcie_rc_if.sv:391]
WARNING: [Synth 8-6014] Unused sequential element hdr_r_reg[address_type] was removed.  [/home/kourosh/pcie_endpoint/src/rc/pcie_rc_if.sv:391]
WARNING: [Synth 8-6014] Unused sequential element hdr_r_reg[first_be] was removed.  [/home/kourosh/pcie_endpoint/src/rc/pcie_rc_if.sv:391]
WARNING: [Synth 8-6014] Unused sequential element hdr_r_reg[last_be] was removed.  [/home/kourosh/pcie_endpoint/src/rc/pcie_rc_if.sv:391]
WARNING: [Synth 8-6014] Unused sequential element hdr_r_reg[address] was removed.  [/home/kourosh/pcie_endpoint/src/rc/pcie_rc_if.sv:391]
WARNING: [Synth 8-6014] Unused sequential element hdr_r_reg[byte_count_modified] was removed.  [/home/kourosh/pcie_endpoint/src/rc/pcie_rc_if.sv:391]
WARNING: [Synth 8-6014] Unused sequential element hdr_r_reg[prefix_present] was removed.  [/home/kourosh/pcie_endpoint/src/rc/pcie_rc_if.sv:391]
WARNING: [Synth 8-6014] Unused sequential element hdr_r_reg[prefix] was removed.  [/home/kourosh/pcie_endpoint/src/rc/pcie_rc_if.sv:391]
WARNING: [Synth 8-6014] Unused sequential element hdr_r_reg[digest] was removed.  [/home/kourosh/pcie_endpoint/src/rc/pcie_rc_if.sv:391]
WARNING: [Synth 8-7129] Port received_completion_header_i[tlp_type][4] in module pcie_rc_if is either unconnected or has no load
WARNING: [Synth 8-7129] Port received_completion_header_i[tlp_type][3] in module pcie_rc_if is either unconnected or has no load
WARNING: [Synth 8-7129] Port received_completion_header_i[tlp_type][2] in module pcie_rc_if is either unconnected or has no load
WARNING: [Synth 8-7129] Port received_completion_header_i[tlp_type][1] in module pcie_rc_if is either unconnected or has no load
WARNING: [Synth 8-7129] Port received_completion_header_i[tlp_type][0] in module pcie_rc_if is either unconnected or has no load
WARNING: [Synth 8-7129] Port received_completion_header_i[digest_present] in module pcie_rc_if is either unconnected or has no load
WARNING: [Synth 8-7129] Port received_completion_header_i[th] in module pcie_rc_if is either unconnected or has no load
WARNING: [Synth 8-7129] Port received_completion_header_i[address_type][1] in module pcie_rc_if is either unconnected or has no load
WARNING: [Synth 8-7129] Port received_completion_header_i[address_type][0] in module pcie_rc_if is either unconnected or has no load
WARNING: [Synth 8-7129] Port received_completion_header_i[first_be][3] in module pcie_rc_if is either unconnected or has no load
WARNING: [Synth 8-7129] Port received_completion_header_i[first_be][2] in module pcie_rc_if is either unconnected or has no load
WARNING: [Synth 8-7129] Port received_completion_header_i[first_be][1] in module pcie_rc_if is either unconnected or has no load
WARNING: [Synth 8-7129] Port received_completion_header_i[first_be][0] in module pcie_rc_if is either unconnected or has no load
WARNING: [Synth 8-7129] Port received_completion_header_i[last_be][3] in module pcie_rc_if is either unconnected or has no load
WARNING: [Synth 8-7129] Port received_completion_header_i[last_be][2] in module pcie_rc_if is either unconnected or has no load
WARNING: [Synth 8-7129] Port received_completion_header_i[last_be][1] in module pcie_rc_if is either unconnected or has no load
WARNING: [Synth 8-7129] Port received_completion_header_i[last_be][0] in module pcie_rc_if is either unconnected or has no load
WARNING: [Synth 8-7129] Port received_completion_header_i[address][63] in module pcie_rc_if is either unconnected or has no load
WARNING: [Synth 8-7129] Port received_completion_header_i[address][62] in module pcie_rc_if is either unconnected or has no load
WARNING: [Synth 8-7129] Port received_completion_header_i[address][61] in module pcie_rc_if is either unconnected or has no load
WARNING: [Synth 8-7129] Port received_completion_header_i[address][60] in module pcie_rc_if is either unconnected or has no load
WARNING: [Synth 8-7129] Port received_completion_header_i[address][59] in module pcie_rc_if is either unconnected or has no load
WARNING: [Synth 8-7129] Port received_completion_header_i[address][58] in module pcie_rc_if is either unconnected or has no load
WARNING: [Synth 8-7129] Port received_completion_header_i[address][57] in module pcie_rc_if is either unconnected or has no load
WARNING: [Synth 8-7129] Port received_completion_header_i[address][56] in module pcie_rc_if is either unconnected or has no load
WARNING: [Synth 8-7129] Port received_completion_header_i[address][55] in module pcie_rc_if is either unconnected or has no load
WARNING: [Synth 8-7129] Port received_completion_header_i[address][54] in module pcie_rc_if is either unconnected or has no load
WARNING: [Synth 8-7129] Port received_completion_header_i[address][53] in module pcie_rc_if is either unconnected or has no load
WARNING: [Synth 8-7129] Port received_completion_header_i[address][52] in module pcie_rc_if is either unconnected or has no load
WARNING: [Synth 8-7129] Port received_completion_header_i[address][51] in module pcie_rc_if is either unconnected or has no load
WARNING: [Synth 8-7129] Port received_completion_header_i[address][50] in module pcie_rc_if is either unconnected or has no load
WARNING: [Synth 8-7129] Port received_completion_header_i[address][49] in module pcie_rc_if is either unconnected or has no load
WARNING: [Synth 8-7129] Port received_completion_header_i[address][48] in module pcie_rc_if is either unconnected or has no load
WARNING: [Synth 8-7129] Port received_completion_header_i[address][47] in module pcie_rc_if is either unconnected or has no load
WARNING: [Synth 8-7129] Port received_completion_header_i[address][46] in module pcie_rc_if is either unconnected or has no load
WARNING: [Synth 8-7129] Port received_completion_header_i[address][45] in module pcie_rc_if is either unconnected or has no load
WARNING: [Synth 8-7129] Port received_completion_header_i[address][44] in module pcie_rc_if is either unconnected or has no load
WARNING: [Synth 8-7129] Port received_completion_header_i[address][43] in module pcie_rc_if is either unconnected or has no load
WARNING: [Synth 8-7129] Port received_completion_header_i[address][42] in module pcie_rc_if is either unconnected or has no load
WARNING: [Synth 8-7129] Port received_completion_header_i[address][41] in module pcie_rc_if is either unconnected or has no load
WARNING: [Synth 8-7129] Port received_completion_header_i[address][40] in module pcie_rc_if is either unconnected or has no load
WARNING: [Synth 8-7129] Port received_completion_header_i[address][39] in module pcie_rc_if is either unconnected or has no load
WARNING: [Synth 8-7129] Port received_completion_header_i[address][38] in module pcie_rc_if is either unconnected or has no load
WARNING: [Synth 8-7129] Port received_completion_header_i[address][37] in module pcie_rc_if is either unconnected or has no load
WARNING: [Synth 8-7129] Port received_completion_header_i[address][36] in module pcie_rc_if is either unconnected or has no load
WARNING: [Synth 8-7129] Port received_completion_header_i[address][35] in module pcie_rc_if is either unconnected or has no load
WARNING: [Synth 8-7129] Port received_completion_header_i[address][34] in module pcie_rc_if is either unconnected or has no load
WARNING: [Synth 8-7129] Port received_completion_header_i[address][33] in module pcie_rc_if is either unconnected or has no load
WARNING: [Synth 8-7129] Port received_completion_header_i[address][32] in module pcie_rc_if is either unconnected or has no load
WARNING: [Synth 8-7129] Port received_completion_header_i[address][31] in module pcie_rc_if is either unconnected or has no load
WARNING: [Synth 8-7129] Port received_completion_header_i[address][30] in module pcie_rc_if is either unconnected or has no load
WARNING: [Synth 8-7129] Port received_completion_header_i[address][29] in module pcie_rc_if is either unconnected or has no load
WARNING: [Synth 8-7129] Port received_completion_header_i[address][28] in module pcie_rc_if is either unconnected or has no load
WARNING: [Synth 8-7129] Port received_completion_header_i[address][27] in module pcie_rc_if is either unconnected or has no load
WARNING: [Synth 8-7129] Port received_completion_header_i[address][26] in module pcie_rc_if is either unconnected or has no load
WARNING: [Synth 8-7129] Port received_completion_header_i[address][25] in module pcie_rc_if is either unconnected or has no load
WARNING: [Synth 8-7129] Port received_completion_header_i[address][24] in module pcie_rc_if is either unconnected or has no load
WARNING: [Synth 8-7129] Port received_completion_header_i[address][23] in module pcie_rc_if is either unconnected or has no load
WARNING: [Synth 8-7129] Port received_completion_header_i[address][22] in module pcie_rc_if is either unconnected or has no load
WARNING: [Synth 8-7129] Port received_completion_header_i[address][21] in module pcie_rc_if is either unconnected or has no load
WARNING: [Synth 8-7129] Port received_completion_header_i[address][20] in module pcie_rc_if is either unconnected or has no load
WARNING: [Synth 8-7129] Port received_completion_header_i[address][19] in module pcie_rc_if is either unconnected or has no load
WARNING: [Synth 8-7129] Port received_completion_header_i[address][18] in module pcie_rc_if is either unconnected or has no load
WARNING: [Synth 8-7129] Port received_completion_header_i[address][17] in module pcie_rc_if is either unconnected or has no load
WARNING: [Synth 8-7129] Port received_completion_header_i[address][16] in module pcie_rc_if is either unconnected or has no load
WARNING: [Synth 8-7129] Port received_completion_header_i[address][15] in module pcie_rc_if is either unconnected or has no load
WARNING: [Synth 8-7129] Port received_completion_header_i[address][14] in module pcie_rc_if is either unconnected or has no load
WARNING: [Synth 8-7129] Port received_completion_header_i[address][13] in module pcie_rc_if is either unconnected or has no load
WARNING: [Synth 8-7129] Port received_completion_header_i[address][12] in module pcie_rc_if is either unconnected or has no load
WARNING: [Synth 8-7129] Port received_completion_header_i[address][11] in module pcie_rc_if is either unconnected or has no load
WARNING: [Synth 8-7129] Port received_completion_header_i[address][10] in module pcie_rc_if is either unconnected or has no load
WARNING: [Synth 8-7129] Port received_completion_header_i[address][9] in module pcie_rc_if is either unconnected or has no load
WARNING: [Synth 8-7129] Port received_completion_header_i[address][8] in module pcie_rc_if is either unconnected or has no load
WARNING: [Synth 8-7129] Port received_completion_header_i[address][7] in module pcie_rc_if is either unconnected or has no load
WARNING: [Synth 8-7129] Port received_completion_header_i[address][6] in module pcie_rc_if is either unconnected or has no load
WARNING: [Synth 8-7129] Port received_completion_header_i[address][5] in module pcie_rc_if is either unconnected or has no load
WARNING: [Synth 8-7129] Port received_completion_header_i[address][4] in module pcie_rc_if is either unconnected or has no load
WARNING: [Synth 8-7129] Port received_completion_header_i[address][3] in module pcie_rc_if is either unconnected or has no load
WARNING: [Synth 8-7129] Port received_completion_header_i[address][2] in module pcie_rc_if is either unconnected or has no load
WARNING: [Synth 8-7129] Port received_completion_header_i[address][1] in module pcie_rc_if is either unconnected or has no load
WARNING: [Synth 8-7129] Port received_completion_header_i[address][0] in module pcie_rc_if is either unconnected or has no load
WARNING: [Synth 8-7129] Port received_completion_header_i[byte_count_modified] in module pcie_rc_if is either unconnected or has no load
WARNING: [Synth 8-7129] Port received_completion_header_i[prefix_present] in module pcie_rc_if is either unconnected or has no load
WARNING: [Synth 8-7129] Port received_completion_header_i[prefix][31] in module pcie_rc_if is either unconnected or has no load
WARNING: [Synth 8-7129] Port received_completion_header_i[prefix][30] in module pcie_rc_if is either unconnected or has no load
WARNING: [Synth 8-7129] Port received_completion_header_i[prefix][29] in module pcie_rc_if is either unconnected or has no load
WARNING: [Synth 8-7129] Port received_completion_header_i[prefix][28] in module pcie_rc_if is either unconnected or has no load
WARNING: [Synth 8-7129] Port received_completion_header_i[prefix][27] in module pcie_rc_if is either unconnected or has no load
WARNING: [Synth 8-7129] Port received_completion_header_i[prefix][26] in module pcie_rc_if is either unconnected or has no load
WARNING: [Synth 8-7129] Port received_completion_header_i[prefix][25] in module pcie_rc_if is either unconnected or has no load
WARNING: [Synth 8-7129] Port received_completion_header_i[prefix][24] in module pcie_rc_if is either unconnected or has no load
WARNING: [Synth 8-7129] Port received_completion_header_i[prefix][23] in module pcie_rc_if is either unconnected or has no load
WARNING: [Synth 8-7129] Port received_completion_header_i[prefix][22] in module pcie_rc_if is either unconnected or has no load
WARNING: [Synth 8-7129] Port received_completion_header_i[prefix][21] in module pcie_rc_if is either unconnected or has no load
WARNING: [Synth 8-7129] Port received_completion_header_i[prefix][20] in module pcie_rc_if is either unconnected or has no load
WARNING: [Synth 8-7129] Port received_completion_header_i[prefix][19] in module pcie_rc_if is either unconnected or has no load
WARNING: [Synth 8-7129] Port received_completion_header_i[prefix][18] in module pcie_rc_if is either unconnected or has no load
WARNING: [Synth 8-7129] Port received_completion_header_i[prefix][17] in module pcie_rc_if is either unconnected or has no load
WARNING: [Synth 8-7129] Port received_completion_header_i[prefix][16] in module pcie_rc_if is either unconnected or has no load
WARNING: [Synth 8-7129] Port received_completion_header_i[prefix][15] in module pcie_rc_if is either unconnected or has no load
INFO: [Common 17-14] Message 'Synth 8-7129' appears 100 times and further instances of the messages will be disabled. Use the Tcl command set_msg_config to change the current settings.
---------------------------------------------------------------------------------
Finished Synthesize : Time (s): cpu = 00:02:44 ; elapsed = 00:02:48 . Memory (MB): peak = 3567.820 ; gain = 2151.203 ; free physical = 34403 ; free virtual = 138332
---------------------------------------------------------------------------------
---------------------------------------------------------------------------------
Finished Constraint Validation : Time (s): cpu = 00:02:53 ; elapsed = 00:03:00 . Memory (MB): peak = 3567.820 ; gain = 2151.203 ; free physical = 34398 ; free virtual = 138327
---------------------------------------------------------------------------------
---------------------------------------------------------------------------------
Start Loading Part and Timing Information
---------------------------------------------------------------------------------
Loading part: xczu7ev-ffvc1156-2-e
INFO: [Synth 8-6742] Reading net delay rules and data
---------------------------------------------------------------------------------
INFO: [Device 21-403] Loading part xczu7ev-ffvc1156-2-e
Finished Loading Part and Timing Information : Time (s): cpu = 00:02:53 ; elapsed = 00:03:00 . Memory (MB): peak = 3587.738 ; gain = 2171.121 ; free physical = 34396 ; free virtual = 138326
---------------------------------------------------------------------------------
INFO: [Synth 8-802] inferred FSM for state register 'state_r_reg' in module 'pcie_rq_if'
INFO: [Synth 8-802] inferred FSM for state register 'state_r_reg' in module 'tlp_requester'
INFO: [Synth 8-802] inferred FSM for state register 'state_r_reg' in module 'tlp_completion_generator'
INFO: [Synth 8-802] inferred FSM for state register 'state_r_reg' in module 'tlp_generator'
INFO: [Synth 8-802] inferred FSM for state register 'state_r_reg' in module 'pcie_rc_if'
---------------------------------------------------------------------------------------------------
                   State |                     New Encoding |                Previous Encoding 
---------------------------------------------------------------------------------------------------
                  S_DESC |                              000 |                              000
               S_PAYLOAD |                              101 |                              001
           S_ABORT_FLUSH |                              100 |                              011
            S_ABORT_TERM |                              011 |                              100
                 S_DRAIN |                              001 |                              101
                 S_FLUSH |                              010 |                              010
---------------------------------------------------------------------------------------------------
INFO: [Synth 8-3354] encoded FSM with state register 'state_r_reg' using encoding 'sequential' in module 'pcie_rq_if'
---------------------------------------------------------------------------------------------------
                   State |                     New Encoding |                Previous Encoding 
---------------------------------------------------------------------------------------------------
                REQ_IDLE |                               00 |                              000
                 REQ_TAG |                               10 |                              001
              REQ_HEADER |                               11 |                              010
                REQ_DATA |                               01 |                              011
---------------------------------------------------------------------------------------------------
INFO: [Synth 8-3354] encoded FSM with state register 'state_r_reg' using encoding 'sequential' in module 'tlp_requester'
---------------------------------------------------------------------------------------------------
                   State |                     New Encoding |                Previous Encoding 
---------------------------------------------------------------------------------------------------
                CPL_IDLE |                              001 |                               00
              CPL_HEADER |                              100 |                               01
                CPL_DATA |                              010 |                               10
---------------------------------------------------------------------------------------------------
INFO: [Synth 8-3354] encoded FSM with state register 'state_r_reg' using encoding 'one-hot' in module 'tlp_completion_generator'
---------------------------------------------------------------------------------------------------
                   State |                     New Encoding |                Previous Encoding 
---------------------------------------------------------------------------------------------------
                 TX_IDLE |                        000100000 |                             0000
               TX_PREFIX |                        010000000 |                             0001
                  TX_DW0 |                        001000000 |                             0010
                  TX_DW1 |                        000000001 |                             0011
                  TX_DW2 |                        000000010 |                             0100
                  TX_DW3 |                        000000100 |                             0101
        TX_PAYLOAD_START |                        000001000 |                             0110
              TX_PAYLOAD |                        100000000 |                             0111
                 TX_ECRC |                        000010000 |                             1000
---------------------------------------------------------------------------------------------------
INFO: [Synth 8-3354] encoded FSM with state register 'state_r_reg' using encoding 'one-hot' in module 'tlp_generator'
INFO: [Synth 8-6904] The RAM "tlp_vc_buffer:/class_mem_reg" of size (depth=4 x width=2) is automatically implemented using LUTRAM. BRAM implementation would be inefficient 
INFO: [Synth 8-6904] The RAM "tlp_vc_buffer:/credit_mem_reg" of size (depth=4 x width=12) is automatically implemented using LUTRAM. BRAM implementation would be inefficient 
---------------------------------------------------------------------------------------------------
                   State |                     New Encoding |                Previous Encoding 
---------------------------------------------------------------------------------------------------
                  S_IDLE |                              001 |                               00
                  S_DESC |                              010 |                               01
               S_PAYLOAD |                              100 |                               10
---------------------------------------------------------------------------------------------------
INFO: [Synth 8-3354] encoded FSM with state register 'state_r_reg' using encoding 'one-hot' in module 'pcie_rc_if'
---------------------------------------------------------------------------------
Finished RTL Optimization Phase 2 : Time (s): cpu = 00:04:06 ; elapsed = 00:04:13 . Memory (MB): peak = 3903.316 ; gain = 2486.699 ; free physical = 26742 ; free virtual = 130692
---------------------------------------------------------------------------------
No constraint files found.
---------------------------------------------------------------------------------
Start RTL Component Statistics 
---------------------------------------------------------------------------------
Detailed RTL Component Info : 
+---Adders : 
	   3 Input   65 Bit       Adders := 1     
	   2 Input   64 Bit       Adders := 1     
	   3 Input   32 Bit       Adders := 1     
	   2 Input   16 Bit       Adders := 1     
	   2 Input   14 Bit       Adders := 3     
	   2 Input   13 Bit       Adders := 10    
	   5 Input   13 Bit       Adders := 2     
	   3 Input   13 Bit       Adders := 10    
	   2 Input   12 Bit       Adders := 5     
	   3 Input   12 Bit       Adders := 4     
	   2 Input   11 Bit       Adders := 7     
	   2 Input    8 Bit       Adders := 3     
	   3 Input    8 Bit       Adders := 3     
	   2 Input    7 Bit       Adders := 2     
	  32 Input    6 Bit       Adders := 1     
	   2 Input    6 Bit       Adders := 4     
	   2 Input    5 Bit       Adders := 1     
	   2 Input    4 Bit       Adders := 2     
	   2 Input    3 Bit       Adders := 7     
	   4 Input    3 Bit       Adders := 2     
	   2 Input    2 Bit       Adders := 8     
+---XORs : 
	   2 Input     32 Bit         XORs := 64    
	   2 Input      1 Bit         XORs := 64    
+---Registers : 
	              128 Bit    Registers := 3     
	               64 Bit    Registers := 6     
	               32 Bit    Registers := 4163  
	               16 Bit    Registers := 79    
	               13 Bit    Registers := 43    
	               12 Bit    Registers := 12    
	               11 Bit    Registers := 11    
	                8 Bit    Registers := 16    
	                7 Bit    Registers := 36    
	                5 Bit    Registers := 10    
	                4 Bit    Registers := 4131  
	                3 Bit    Registers := 4147  
	                2 Bit    Registers := 10    
	                1 Bit    Registers := 4210  
+---RAMs : 
	              32K Bit	(1024 X 32 bit)          RAMs := 1     
	               4K Bit	(1024 X 4 bit)          RAMs := 1     
	               48 Bit	(4 X 12 bit)          RAMs := 1     
	                8 Bit	(4 X 2 bit)          RAMs := 1     
+---Muxes : 
	   2 Input  128 Bit        Muxes := 1     
	   2 Input   64 Bit        Muxes := 14    
	   4 Input   64 Bit        Muxes := 5     
	  12 Input   64 Bit        Muxes := 1     
	   4 Input   32 Bit        Muxes := 1033  
	   2 Input   32 Bit        Muxes := 112   
	   8 Input   32 Bit        Muxes := 1     
	  12 Input   32 Bit        Muxes := 1     
	   3 Input   32 Bit        Muxes := 1     
	   2 Input   16 Bit        Muxes := 4     
	  12 Input   16 Bit        Muxes := 2     
	   2 Input   13 Bit        Muxes := 260   
	   3 Input   13 Bit        Muxes := 5     
	   4 Input   13 Bit        Muxes := 3     
	  12 Input   13 Bit        Muxes := 1     
	   3 Input   12 Bit        Muxes := 2     
	   2 Input   12 Bit        Muxes := 1     
	   6 Input   12 Bit        Muxes := 1     
	   2 Input   11 Bit        Muxes := 11    
	   3 Input   11 Bit        Muxes := 1     
	  12 Input   11 Bit        Muxes := 3     
	   6 Input   11 Bit        Muxes := 1     
	   2 Input   10 Bit        Muxes := 1     
	   9 Input    9 Bit        Muxes := 1     
	   2 Input    9 Bit        Muxes := 7     
	   4 Input    8 Bit        Muxes := 3     
	   2 Input    8 Bit        Muxes := 9     
	  12 Input    8 Bit        Muxes := 1     
	   2 Input    7 Bit        Muxes := 294   
	   3 Input    7 Bit        Muxes := 1     
	  12 Input    7 Bit        Muxes := 1     
	   2 Input    5 Bit        Muxes := 8     
	  12 Input    5 Bit        Muxes := 1     
	   4 Input    4 Bit        Muxes := 1035  
	   3 Input    4 Bit        Muxes := 8     
	   2 Input    4 Bit        Muxes := 29    
	   5 Input    4 Bit        Muxes := 4     
	   8 Input    4 Bit        Muxes := 1     
	  12 Input    4 Bit        Muxes := 2     
	  13 Input    4 Bit        Muxes := 1     
	   6 Input    4 Bit        Muxes := 1     
	   4 Input    3 Bit        Muxes := 1031  
	   3 Input    3 Bit        Muxes := 6     
	   2 Input    3 Bit        Muxes := 29    
	  12 Input    3 Bit        Muxes := 4     
	   5 Input    3 Bit        Muxes := 1     
	   9 Input    3 Bit        Muxes := 1     
	   6 Input    3 Bit        Muxes := 1     
	   3 Input    2 Bit        Muxes := 6     
	   2 Input    2 Bit        Muxes := 32    
	   4 Input    2 Bit        Muxes := 3     
	  12 Input    2 Bit        Muxes := 2     
	   2 Input    1 Bit        Muxes := 9419  
	   4 Input    1 Bit        Muxes := 1080  
	   3 Input    1 Bit        Muxes := 22    
	   8 Input    1 Bit        Muxes := 3     
	   9 Input    1 Bit        Muxes := 7     
	   6 Input    1 Bit        Muxes := 11    
	  12 Input    1 Bit        Muxes := 20    
---------------------------------------------------------------------------------
Finished RTL Component Statistics 
---------------------------------------------------------------------------------
---------------------------------------------------------------------------------
Start Part Resource Summary
---------------------------------------------------------------------------------
Part Resources:
DSPs: 1728 (col length:144)
BRAMs: 624 (col length: RAMB18 144 RAMB36 72)
---------------------------------------------------------------------------------
Finished Part Resource Summary
---------------------------------------------------------------------------------
No constraint files found.
---------------------------------------------------------------------------------
Start Cross Boundary and Area Optimization
---------------------------------------------------------------------------------
INFO: [Synth 8-6904] The RAM "tlp_vc_buffer__GB11/credit_mem_reg" of size (depth=4 x width=12) is automatically implemented using LUTRAM. BRAM implementation would be inefficient 
INFO: [Synth 8-6904] The RAM "tlp_vc_buffer__GB11/class_mem_reg" of size (depth=4 x width=2) is automatically implemented using LUTRAM. BRAM implementation would be inefficient 
INFO: [Synth 8-6904] The RAM "tlp_vc_buffer__GB11/credit_mem_reg" of size (depth=4 x width=12) is automatically implemented using LUTRAM. BRAM implementation would be inefficient 
INFO: [Synth 8-6904] The RAM "tlp_vc_buffer__GB11/class_mem_reg" of size (depth=4 x width=2) is automatically implemented using LUTRAM. BRAM implementation would be inefficient 
INFO: [Common 17-14] Message 'Synth 8-7129' appears 100 times and further instances of the messages will be disabled. Use the Tcl command set_msg_config to change the current settings.
INFO: [Synth 8-3886] merging instance 'requester_inst/tag_r_reg[5]' (FDRE) to 'requester_inst/tag_r_reg[6]'
INFO: [Synth 8-3886] merging instance 'requester_inst/tag_r_reg[6]' (FDRE) to 'requester_inst/tag_r_reg[7]'
INFO: [Synth 8-3333] propagating constant 0 across sequential element (requester_inst/\tag_r_reg[7] )
INFO: [Synth 8-3886] merging instance 'tracker_inst/cpl_timeout_tag_o_reg[5]' (FDRE) to 'tracker_inst/cpl_timeout_tag_o_reg[6]'
INFO: [Synth 8-3886] merging instance 'tracker_inst/cpl_timeout_tag_o_reg[6]' (FDRE) to 'tracker_inst/cpl_timeout_tag_o_reg[7]'
INFO: [Synth 8-3333] propagating constant 0 across sequential element (tracker_inst/\cpl_timeout_tag_o_reg[7] )
INFO: [Synth 8-3886] merging instance 'tracker_inst/completion_error_code_o_reg[1]' (FDR) to 'tracker_inst/completion_error_code_o_reg[3]'
INFO: [Synth 8-3886] merging instance 'tracker_inst/completion_error_code_o_reg[2]' (FDR) to 'tracker_inst/completion_error_code_o_reg[4]'
INFO: [Synth 8-3333] propagating constant 0 across sequential element (tracker_inst/\completion_error_code_o_reg[4] )
INFO: [Synth 8-3886] merging instance 'requester_inst/command_error_code_o_reg[0]' (FDR) to 'requester_inst/command_error_code_o_reg[3]'
INFO: [Synth 8-3333] propagating constant 0 across sequential element (requester_inst/\command_error_code_o_reg[4] )
INFO: [Synth 8-3886] merging instance 'tracker_inst/completion_error_code_o_reg[3]' (FDR) to 'tracker_inst/unexpected_r_reg'
INFO: [Synth 8-3886] merging instance 'requester_inst/command_error_code_o_reg[2]' (FDR) to 'requester_inst/command_error_valid_o_reg'
INFO: [Common 17-14] Message 'Synth 8-7129' appears 100 times and further instances of the messages will be disabled. Use the Tcl command set_msg_config to change the current settings.
INFO: [Synth 8-3886] merging instance 'parser_inst/replay_count_r_reg_rep[0]' (FDRE) to 'parser_inst/replay_count_r_reg[0]'
INFO: [Synth 8-3886] merging instance 'parser_inst/replay_count_r_reg_rep[1]' (FDRE) to 'parser_inst/replay_count_r_reg[1]'
INFO: [Synth 8-3886] merging instance 'parser_inst/replay_count_r_reg_rep[2]' (FDRE) to 'parser_inst/replay_count_r_reg[2]'
INFO: [Synth 8-3886] merging instance 'parser_inst/replay_count_r_reg_rep[3]' (FDRE) to 'parser_inst/replay_count_r_reg[3]'
INFO: [Synth 8-3886] merging instance 'parser_inst/replay_count_r_reg_rep[4]' (FDRE) to 'parser_inst/replay_count_r_reg[4]'
INFO: [Synth 8-3886] merging instance 'parser_inst/replay_count_r_reg_rep[5]' (FDRE) to 'parser_inst/replay_count_r_reg[5]'
INFO: [Synth 8-3333] propagating constant 0 across sequential element (parser_inst/\error_code_r_reg[4] )
INFO: [Synth 8-3886] merging instance 'parser_inst/replay_count_r_reg_rep[6]' (FDRE) to 'parser_inst/replay_count_r_reg[6]'
INFO: [Synth 8-3886] merging instance 'parser_inst/replay_count_r_reg_rep[7]' (FDRE) to 'parser_inst/replay_count_r_reg[7]'
INFO: [Synth 8-3886] merging instance 'parser_inst/replay_count_r_reg_rep[8]' (FDRE) to 'parser_inst/replay_count_r_reg[8]'
INFO: [Synth 8-3886] merging instance 'parser_inst/replay_count_r_reg_rep[9]' (FDRE) to 'parser_inst/replay_count_r_reg[9]'
INFO: [Synth 8-3886] merging instance 'completion_generator_inst/error_code_o_reg[0]' (FDR) to 'completion_generator_inst/error_code_o_reg[2]'
INFO: [Synth 8-3886] merging instance 'completion_generator_inst/error_code_o_reg[1]' (FDR) to 'completion_generator_inst/error_code_o_reg[4]'
INFO: [Synth 8-3886] merging instance 'completion_generator_inst/error_code_o_reg[2]' (FDR) to 'completion_generator_inst/error_code_o_reg[3]'
INFO: [Synth 8-3333] propagating constant 0 across sequential element (completion_generator_inst/\error_code_o_reg[4] )
INFO: [Synth 8-3886] merging instance 'completion_generator_inst/header_r_reg[prefix][0]' (FDRE) to 'completion_generator_inst/header_r_reg[prefix][1]'
INFO: [Synth 8-3886] merging instance 'completion_generator_inst/header_r_reg[prefix][1]' (FDRE) to 'completion_generator_inst/header_r_reg[prefix][2]'
INFO: [Synth 8-3886] merging instance 'completion_generator_inst/header_r_reg[prefix][2]' (FDRE) to 'completion_generator_inst/header_r_reg[prefix][3]'
INFO: [Synth 8-3886] merging instance 'completion_generator_inst/header_r_reg[prefix][3]' (FDRE) to 'completion_generator_inst/header_r_reg[prefix][4]'
INFO: [Synth 8-3886] merging instance 'completion_generator_inst/header_r_reg[prefix][4]' (FDRE) to 'completion_generator_inst/header_r_reg[prefix][5]'
INFO: [Synth 8-3886] merging instance 'completion_generator_inst/header_r_reg[prefix][5]' (FDRE) to 'completion_generator_inst/header_r_reg[prefix][6]'
INFO: [Synth 8-3886] merging instance 'completion_generator_inst/header_r_reg[prefix][6]' (FDRE) to 'completion_generator_inst/header_r_reg[prefix][7]'
INFO: [Synth 8-3886] merging instance 'completion_generator_inst/header_r_reg[prefix][7]' (FDRE) to 'completion_generator_inst/header_r_reg[prefix][8]'
INFO: [Synth 8-3886] merging instance 'completion_generator_inst/header_r_reg[prefix][8]' (FDRE) to 'completion_generator_inst/header_r_reg[prefix][9]'
INFO: [Synth 8-3886] merging instance 'completion_generator_inst/header_r_reg[prefix][9]' (FDRE) to 'completion_generator_inst/header_r_reg[prefix][10]'
INFO: [Synth 8-3886] merging instance 'completion_generator_inst/header_r_reg[prefix][10]' (FDRE) to 'completion_generator_inst/header_r_reg[prefix][11]'
INFO: [Synth 8-3886] merging instance 'completion_generator_inst/header_r_reg[prefix][11]' (FDRE) to 'completion_generator_inst/header_r_reg[prefix][12]'
INFO: [Synth 8-3886] merging instance 'completion_generator_inst/header_r_reg[prefix][12]' (FDRE) to 'completion_generator_inst/header_r_reg[prefix][13]'
INFO: [Synth 8-3886] merging instance 'completion_generator_inst/header_r_reg[prefix][13]' (FDRE) to 'completion_generator_inst/header_r_reg[prefix][14]'
INFO: [Synth 8-3886] merging instance 'completion_generator_inst/header_r_reg[prefix][14]' (FDRE) to 'completion_generator_inst/header_r_reg[prefix][15]'
INFO: [Synth 8-3886] merging instance 'completion_generator_inst/header_r_reg[prefix][15]' (FDRE) to 'completion_generator_inst/header_r_reg[prefix][16]'
INFO: [Synth 8-3886] merging instance 'completion_generator_inst/header_r_reg[prefix][16]' (FDRE) to 'completion_generator_inst/header_r_reg[prefix][17]'
INFO: [Synth 8-3886] merging instance 'completion_generator_inst/header_r_reg[prefix][17]' (FDRE) to 'completion_generator_inst/header_r_reg[prefix][18]'
INFO: [Synth 8-3886] merging instance 'completion_generator_inst/header_r_reg[prefix][18]' (FDRE) to 'completion_generator_inst/header_r_reg[prefix][19]'
INFO: [Synth 8-3886] merging instance 'completion_generator_inst/header_r_reg[prefix][19]' (FDRE) to 'completion_generator_inst/header_r_reg[prefix][20]'
INFO: [Synth 8-3886] merging instance 'completion_generator_inst/header_r_reg[prefix][20]' (FDRE) to 'completion_generator_inst/header_r_reg[prefix][21]'
INFO: [Synth 8-3886] merging instance 'completion_generator_inst/header_r_reg[prefix][21]' (FDRE) to 'completion_generator_inst/header_r_reg[prefix][22]'
INFO: [Synth 8-3886] merging instance 'completion_generator_inst/header_r_reg[prefix][22]' (FDRE) to 'completion_generator_inst/header_r_reg[prefix][23]'
INFO: [Synth 8-3886] merging instance 'completion_generator_inst/header_r_reg[prefix][23]' (FDRE) to 'completion_generator_inst/header_r_reg[prefix][24]'
INFO: [Synth 8-3886] merging instance 'completion_generator_inst/header_r_reg[prefix][24]' (FDRE) to 'completion_generator_inst/header_r_reg[prefix][25]'
INFO: [Synth 8-3886] merging instance 'completion_generator_inst/header_r_reg[prefix][25]' (FDRE) to 'completion_generator_inst/header_r_reg[prefix][26]'
INFO: [Synth 8-3886] merging instance 'completion_generator_inst/header_r_reg[prefix][26]' (FDRE) to 'completion_generator_inst/header_r_reg[prefix][27]'
INFO: [Synth 8-3886] merging instance 'completion_generator_inst/header_r_reg[prefix][27]' (FDRE) to 'completion_generator_inst/header_r_reg[prefix][28]'
INFO: [Synth 8-3886] merging instance 'completion_generator_inst/header_r_reg[prefix][28]' (FDRE) to 'completion_generator_inst/header_r_reg[prefix][29]'
INFO: [Synth 8-3886] merging instance 'completion_generator_inst/header_r_reg[prefix][29]' (FDRE) to 'completion_generator_inst/header_r_reg[prefix][30]'
INFO: [Synth 8-3886] merging instance 'completion_generator_inst/header_r_reg[prefix][30]' (FDRE) to 'completion_generator_inst/header_r_reg[prefix][31]'
INFO: [Synth 8-3886] merging instance 'completion_generator_inst/header_r_reg[prefix][31]' (FDRE) to 'completion_generator_inst/header_r_reg[address][0]'
INFO: [Synth 8-3886] merging instance 'completion_generator_inst/header_r_reg[address][0]' (FDRE) to 'completion_generator_inst/header_r_reg[address][1]'
INFO: [Synth 8-3886] merging instance 'completion_generator_inst/header_r_reg[address][1]' (FDRE) to 'completion_generator_inst/header_r_reg[address][2]'
INFO: [Synth 8-3886] merging instance 'completion_generator_inst/header_r_reg[address][2]' (FDRE) to 'completion_generator_inst/header_r_reg[address][3]'
INFO: [Synth 8-3886] merging instance 'completion_generator_inst/header_r_reg[address][3]' (FDRE) to 'completion_generator_inst/header_r_reg[address][4]'
INFO: [Synth 8-3886] merging instance 'completion_generator_inst/header_r_reg[address][4]' (FDRE) to 'completion_generator_inst/header_r_reg[address][5]'
INFO: [Synth 8-3886] merging instance 'completion_generator_inst/header_r_reg[address][5]' (FDRE) to 'completion_generator_inst/header_r_reg[address][6]'
INFO: [Synth 8-3886] merging instance 'completion_generator_inst/header_r_reg[address][6]' (FDRE) to 'completion_generator_inst/header_r_reg[address][7]'
INFO: [Synth 8-3886] merging instance 'completion_generator_inst/header_r_reg[address][7]' (FDRE) to 'completion_generator_inst/header_r_reg[address][8]'
INFO: [Synth 8-3886] merging instance 'completion_generator_inst/header_r_reg[address][8]' (FDRE) to 'completion_generator_inst/header_r_reg[address][9]'
INFO: [Synth 8-3886] merging instance 'completion_generator_inst/header_r_reg[address][9]' (FDRE) to 'completion_generator_inst/header_r_reg[address][10]'
INFO: [Synth 8-3886] merging instance 'completion_generator_inst/header_r_reg[address][10]' (FDRE) to 'completion_generator_inst/header_r_reg[address][11]'
INFO: [Synth 8-3886] merging instance 'completion_generator_inst/header_r_reg[address][11]' (FDRE) to 'completion_generator_inst/header_r_reg[address][12]'
INFO: [Synth 8-3886] merging instance 'completion_generator_inst/header_r_reg[address][12]' (FDRE) to 'completion_generator_inst/header_r_reg[address][13]'
INFO: [Synth 8-3886] merging instance 'completion_generator_inst/header_r_reg[address][13]' (FDRE) to 'completion_generator_inst/header_r_reg[address][14]'
INFO: [Synth 8-3886] merging instance 'completion_generator_inst/header_r_reg[address][14]' (FDRE) to 'completion_generator_inst/header_r_reg[address][15]'
INFO: [Synth 8-3886] merging instance 'completion_generator_inst/header_r_reg[address][15]' (FDRE) to 'completion_generator_inst/header_r_reg[address][16]'
INFO: [Synth 8-3886] merging instance 'completion_generator_inst/header_r_reg[address][16]' (FDRE) to 'completion_generator_inst/header_r_reg[address][17]'
INFO: [Synth 8-3886] merging instance 'completion_generator_inst/header_r_reg[address][17]' (FDRE) to 'completion_generator_inst/header_r_reg[address][18]'
INFO: [Synth 8-3886] merging instance 'completion_generator_inst/header_r_reg[address][18]' (FDRE) to 'completion_generator_inst/header_r_reg[address][19]'
INFO: [Synth 8-3886] merging instance 'completion_generator_inst/header_r_reg[address][19]' (FDRE) to 'completion_generator_inst/header_r_reg[address][20]'
INFO: [Synth 8-3886] merging instance 'completion_generator_inst/header_r_reg[address][20]' (FDRE) to 'completion_generator_inst/header_r_reg[address][21]'
INFO: [Synth 8-3886] merging instance 'completion_generator_inst/header_r_reg[address][21]' (FDRE) to 'completion_generator_inst/header_r_reg[address][22]'
INFO: [Synth 8-3886] merging instance 'completion_generator_inst/header_r_reg[address][22]' (FDRE) to 'completion_generator_inst/header_r_reg[address][23]'
INFO: [Synth 8-3886] merging instance 'completion_generator_inst/header_r_reg[address][23]' (FDRE) to 'completion_generator_inst/header_r_reg[address][24]'
INFO: [Synth 8-3886] merging instance 'completion_generator_inst/header_r_reg[address][24]' (FDRE) to 'completion_generator_inst/header_r_reg[address][25]'
INFO: [Synth 8-3886] merging instance 'completion_generator_inst/header_r_reg[address][25]' (FDRE) to 'completion_generator_inst/header_r_reg[address][26]'
INFO: [Synth 8-3886] merging instance 'completion_generator_inst/header_r_reg[address][26]' (FDRE) to 'completion_generator_inst/header_r_reg[address][27]'
INFO: [Synth 8-3886] merging instance 'completion_generator_inst/header_r_reg[address][27]' (FDRE) to 'completion_generator_inst/header_r_reg[address][28]'
INFO: [Synth 8-3886] merging instance 'completion_generator_inst/header_r_reg[address][28]' (FDRE) to 'completion_generator_inst/header_r_reg[address][29]'
INFO: [Synth 8-3886] merging instance 'completion_generator_inst/header_r_reg[address][29]' (FDRE) to 'completion_generator_inst/header_r_reg[address][30]'
INFO: [Synth 8-3886] merging instance 'completion_generator_inst/header_r_reg[address][30]' (FDRE) to 'completion_generator_inst/header_r_reg[address][31]'
INFO: [Synth 8-3886] merging instance 'completion_generator_inst/header_r_reg[address][31]' (FDRE) to 'completion_generator_inst/header_r_reg[address][32]'
INFO: [Synth 8-3886] merging instance 'completion_generator_inst/header_r_reg[address][32]' (FDRE) to 'completion_generator_inst/header_r_reg[address][33]'
INFO: [Synth 8-3886] merging instance 'completion_generator_inst/header_r_reg[address][33]' (FDRE) to 'completion_generator_inst/header_r_reg[address][34]'
INFO: [Synth 8-3886] merging instance 'completion_generator_inst/header_r_reg[address][34]' (FDRE) to 'completion_generator_inst/header_r_reg[address][35]'
INFO: [Synth 8-3886] merging instance 'completion_generator_inst/header_r_reg[address][35]' (FDRE) to 'completion_generator_inst/header_r_reg[address][36]'
INFO: [Synth 8-3886] merging instance 'completion_generator_inst/header_r_reg[address][36]' (FDRE) to 'completion_generator_inst/header_r_reg[address][37]'
INFO: [Synth 8-3886] merging instance 'completion_generator_inst/header_r_reg[address][37]' (FDRE) to 'completion_generator_inst/header_r_reg[address][38]'
INFO: [Synth 8-3886] merging instance 'completion_generator_inst/header_r_reg[address][38]' (FDRE) to 'completion_generator_inst/header_r_reg[address][39]'
INFO: [Synth 8-3886] merging instance 'completion_generator_inst/header_r_reg[address][39]' (FDRE) to 'completion_generator_inst/header_r_reg[address][40]'
INFO: [Synth 8-3886] merging instance 'completion_generator_inst/header_r_reg[address][40]' (FDRE) to 'completion_generator_inst/header_r_reg[address][41]'
INFO: [Synth 8-3886] merging instance 'completion_generator_inst/header_r_reg[address][41]' (FDRE) to 'completion_generator_inst/header_r_reg[address][42]'
INFO: [Synth 8-3886] merging instance 'completion_generator_inst/header_r_reg[address][42]' (FDRE) to 'completion_generator_inst/header_r_reg[address][43]'
INFO: [Synth 8-3886] merging instance 'completion_generator_inst/header_r_reg[address][43]' (FDRE) to 'completion_generator_inst/header_r_reg[address][44]'
INFO: [Synth 8-3886] merging instance 'completion_generator_inst/header_r_reg[address][44]' (FDRE) to 'completion_generator_inst/header_r_reg[address][45]'
INFO: [Synth 8-3886] merging instance 'completion_generator_inst/header_r_reg[address][45]' (FDRE) to 'completion_generator_inst/header_r_reg[address][46]'
INFO: [Common 17-14] Message 'Synth 8-3886' appears 100 times and further instances of the messages will be disabled. Use the Tcl command set_msg_config to change the current settings.
INFO: [Common 17-14] Message 'Synth 8-3886' appears 100 times and further instances of the messages will be disabled. Use the Tcl command set_msg_config to change the current settings.
INFO: [Synth 8-3333] propagating constant 0 across sequential element (completion_generator_inst/\header_r_reg[poisoned] )
INFO: [Synth 8-3333] propagating constant 0 across sequential element (completion_generator_inst/\header_r_reg[fmt][0] )
INFO: [Synth 8-3333] propagating constant 0 across sequential element (parser_inst/\header_r_reg[prefix][6] )
---------------------------------------------------------------------------------
Finished Cross Boundary and Area Optimization : Time (s): cpu = 00:06:26 ; elapsed = 00:06:38 . Memory (MB): peak = 3915.242 ; gain = 2498.625 ; free physical = 24677 ; free virtual = 128644
---------------------------------------------------------------------------------
---------------------------------------------------------------------------------
Start ROM, RAM, DSP, Shift Register and Retiming Reporting
---------------------------------------------------------------------------------

Distributed RAM: Preliminary Mapping Report (see note below)
+--------------------+----------------------+-----------+----------------------+---------------+
|Module Name         | RTL Object           | Inference | Size (Depth x Width) | Primitives    | 
+--------------------+----------------------+-----------+----------------------+---------------+
|tlp_vc_buffer__GB11 | credit_mem_reg       | Implied   | 4 x 9                | RAM32M16 x 1  | 
|tlp_vc_buffer__GB11 | class_mem_reg        | Implied   | 4 x 2                | RAM16X1D x 2  | 
|parser_inst         | payload_data_mem_reg | Implied   | 1 K x 32             | RAM64M8 x 80  | 
|parser_inst         | payload_keep_mem_reg | Implied   | 1 K x 4              | RAM64M8 x 16  | 
+--------------------+----------------------+-----------+----------------------+---------------+

Note: The table above is a preliminary report that shows the Distributed RAMs at the current stage of the synthesis flow. Some Distributed RAMs may be reimplemented as non Distributed RAM primitives later in the synthesis flow. Multiple instantiated RAMs are reported only once.
---------------------------------------------------------------------------------
Finished ROM, RAM, DSP, Shift Register and Retiming Reporting
---------------------------------------------------------------------------------
No constraint files found.
---------------------------------------------------------------------------------
Start Timing Optimization
---------------------------------------------------------------------------------
WARNING: [Synth 8-3332] Sequential element (FSM_onehot_state_r_reg[2]) is unused and will be removed from module tlp_completion_generator.
WARNING: [Synth 8-3332] Sequential element (FSM_onehot_state_r_reg[1]) is unused and will be removed from module tlp_completion_generator.
WARNING: [Synth 8-3332] Sequential element (FSM_onehot_state_r_reg[0]) is unused and will be removed from module tlp_completion_generator.
WARNING: [Synth 8-3332] Sequential element (FSM_onehot_state_r_reg[7]) is unused and will be removed from module tlp_generator.
WARNING: [Synth 8-3332] Sequential element (FSM_onehot_state_r_reg[4]) is unused and will be removed from module tlp_generator.
---------------------------------------------------------------------------------
Finished Timing Optimization : Time (s): cpu = 00:07:11 ; elapsed = 00:07:24 . Memory (MB): peak = 3915.242 ; gain = 2498.625 ; free physical = 24680 ; free virtual = 128647
---------------------------------------------------------------------------------
---------------------------------------------------------------------------------
Start ROM, RAM, DSP, Shift Register and Retiming Reporting
---------------------------------------------------------------------------------

Distributed RAM: Final Mapping Report
+--------------------+----------------------+-----------+----------------------+---------------+
|Module Name         | RTL Object           | Inference | Size (Depth x Width) | Primitives    | 
+--------------------+----------------------+-----------+----------------------+---------------+
|tlp_vc_buffer__GB11 | credit_mem_reg       | Implied   | 4 x 9                | RAM32M16 x 1  | 
|tlp_vc_buffer__GB11 | class_mem_reg        | Implied   | 4 x 2                | RAM16X1D x 2  | 
|parser_inst         | payload_data_mem_reg | Implied   | 1 K x 32             | RAM64M8 x 80  | 
|parser_inst         | payload_keep_mem_reg | Implied   | 1 K x 4              | RAM64M8 x 16  | 
+--------------------+----------------------+-----------+----------------------+---------------+

---------------------------------------------------------------------------------
Finished ROM, RAM, DSP, Shift Register and Retiming Reporting
---------------------------------------------------------------------------------
---------------------------------------------------------------------------------
Start Technology Mapping
---------------------------------------------------------------------------------
INFO: [Synth 8-7067] Removed DRAM instance u_tlp_layer/vc_buffer_inst/i_10/class_mem_reg_0_3_1_1 from module tlp_vc_buffer__GB11_tempName due to constant propagation
INFO: [Synth 8-7067] Removed DRAM instance u_tlp_layer/vc_buffer_inst/i_10/class_mem_reg_0_3_1_1 from module tlp_vc_buffer__GB11_tempName due to constant propagation
---------------------------------------------------------------------------------
Finished Technology Mapping : Time (s): cpu = 00:07:26 ; elapsed = 00:07:40 . Memory (MB): peak = 3923.254 ; gain = 2506.637 ; free physical = 24652 ; free virtual = 128635
---------------------------------------------------------------------------------
---------------------------------------------------------------------------------
Start IO Insertion
---------------------------------------------------------------------------------
---------------------------------------------------------------------------------
Start Final Netlist Cleanup
---------------------------------------------------------------------------------
---------------------------------------------------------------------------------
Finished Final Netlist Cleanup
---------------------------------------------------------------------------------
---------------------------------------------------------------------------------
Finished IO Insertion : Time (s): cpu = 00:07:54 ; elapsed = 00:08:09 . Memory (MB): peak = 4066.902 ; gain = 2650.285 ; free physical = 24481 ; free virtual = 128465
---------------------------------------------------------------------------------
---------------------------------------------------------------------------------
Start Renaming Generated Instances
---------------------------------------------------------------------------------
---------------------------------------------------------------------------------
Finished Renaming Generated Instances : Time (s): cpu = 00:07:54 ; elapsed = 00:08:10 . Memory (MB): peak = 4066.902 ; gain = 2650.285 ; free physical = 24481 ; free virtual = 128465
---------------------------------------------------------------------------------
---------------------------------------------------------------------------------
Start Handling Custom Attributes
---------------------------------------------------------------------------------
---------------------------------------------------------------------------------
Finished Handling Custom Attributes : Time (s): cpu = 00:08:00 ; elapsed = 00:08:15 . Memory (MB): peak = 4066.902 ; gain = 2650.285 ; free physical = 24488 ; free virtual = 128472
---------------------------------------------------------------------------------
---------------------------------------------------------------------------------
Start Writing Synthesis Report
---------------------------------------------------------------------------------

Report BlackBoxes: 
+-+--------------+----------+
| |BlackBox name |Instances |
+-+--------------+----------+
+-+--------------+----------+

Report Cell Usage: 
+------+---------+-------+
|      |Cell     |Count  |
+------+---------+-------+
|1     |CARRY8   |     67|
|2     |LUT1     |     61|
|3     |LUT2     |    842|
|4     |LUT3     |    864|
|5     |LUT4     |   3013|
|6     |LUT5     |   2933|
|7     |LUT6     |  53582|
|8     |MUXF7    |   5108|
|9     |MUXF8    |   2505|
|10    |RAM16X1D |      1|
|11    |RAM32M16 |      1|
|12    |RAM64M8  |     96|
|13    |FDRE     | 156598|
|14    |FDSE     |     36|
+------+---------+-------+

Report Instance Areas: 
+------+-----------------------------+----------------------+-------+
|      |Instance                     |Module                |Cells  |
+------+-----------------------------+----------------------+-------+
|1     |top                          |                      | 225707|
|2     |  u_tlp_layer                |tlp_layer             | 224228|
|3     |    vc_buffer_inst           |tlp_vc_buffer         | 215163|
|4     |    requester_inst           |tlp_requester         |    761|
|5     |    tracker_inst             |tlp_request_tracker   |   6056|
|6     |    control_inst             |tlp_control           |      7|
|7     |    credit_manager_inst      |tlp_credit_manager    |    258|
|8     |    generator_inst           |tlp_generator         |    636|
|9     |      payload_formatter_inst |tlp_payload_formatter |    420|
|10    |    classifier_inst          |tlp_classifier        |     25|
|11    |      validator_inst         |tlp_validator         |     24|
|12    |    parser_inst              |tlp_parser            |   1252|
|13    |      validator_inst         |tlp_validator__1      |     29|
|14    |      ecrc_inst              |tlp_ecrc__1           |    398|
|15    |  u_rq_if                    |pcie_rq_if            |    695|
|16    |    u_payload                |pcie_axis_dw_downsize |    186|
|17    |  u_rc_if                    |pcie_rc_if            |    784|
|18    |    u_rc_pack                |pcie_axis_dw_upsize   |    450|
+------+-----------------------------+----------------------+-------+
---------------------------------------------------------------------------------
Finished Writing Synthesis Report : Time (s): cpu = 00:08:00 ; elapsed = 00:08:16 . Memory (MB): peak = 4066.902 ; gain = 2650.285 ; free physical = 24488 ; free virtual = 128472
---------------------------------------------------------------------------------
Synthesis finished with 0 errors, 0 critical warnings and 1292 warnings.
Synthesis Optimization Runtime : Time (s): cpu = 00:08:03 ; elapsed = 00:08:20 . Memory (MB): peak = 4070.812 ; gain = 2654.195 ; free physical = 33994 ; free virtual = 137978
Synthesis Optimization Complete : Time (s): cpu = 00:08:03 ; elapsed = 00:08:20 . Memory (MB): peak = 4070.812 ; gain = 2654.195 ; free physical = 34023 ; free virtual = 137979
INFO: [Project 1-571] Translating synthesized netlist
Netlist sorting complete. Time (s): cpu = 00:00:03 ; elapsed = 00:00:03 . Memory (MB): peak = 4070.812 ; gain = 0.000 ; free physical = 34014 ; free virtual = 137970
INFO: [Netlist 29-17] Analyzing 7778 Unisim elements for replacement
INFO: [Netlist 29-28] Unisim Transformation completed in 0 CPU seconds
WARNING: [Netlist 29-101] Netlist 'pcie_rq_rc_top' is not ideal for floorplanning, since the cellview 'tlp_vc_buffer' contains a large number of primitives.  Please consider enabling hierarchy in synthesis if you want to do floorplanning.
INFO: [Project 1-570] Preparing netlist for logic optimization
INFO: [Opt 31-138] Pushed 0 inverter(s) to 0 load pin(s).
Netlist sorting complete. Time (s): cpu = 00:00:00.04 ; elapsed = 00:00:00.04 . Memory (MB): peak = 4114.926 ; gain = 0.000 ; free physical = 34143 ; free virtual = 138101
INFO: [Project 1-111] Unisim Transformation Summary:
  A total of 98 instances were transformed.
  RAM16X1D => RAM32X1D (RAMD32(x2)): 1 instance 
  RAM32M16 => RAM32M16 (RAMD32(x14), RAMS32(x2)): 1 instance 
  RAM64M8 => RAM64M8 (RAMD64E(x8)): 96 instances

Synth Design complete | Checksum: 97f01c65
INFO: [Common 17-83] Releasing license: Synthesis
198 Infos, 130 Warnings, 0 Critical Warnings and 0 Errors encountered.
synth_design completed successfully
synth_design: Time (s): cpu = 00:08:35 ; elapsed = 00:08:53 . Memory (MB): peak = 4114.926 ; gain = 2698.320 ; free physical = 34190 ; free virtual = 138149
INFO: [Common 17-2834] synth_design peak Physical Memory [PSS] (MB): overall = 12911.942; main = 3267.274; forked = 9874.319
INFO: [Common 17-2834] synth_design peak Virtual Memory [VSS] (MB): overall = 19752.934; main = 4114.930; forked = 15686.027
# mark "PHASE create_clock 250MHz placeholder"
===S1=== PHASE create_clock 250MHz placeholder
# if {[llength [get_ports -quiet clk_i]] == 0} {
#   puts "ERROR: no clk_i port on $UNIT -- the clock port name must be re-derived"
#   exit 1
# }
# create_clock -name clk_placeholder -period $PERIOD [get_ports clk_i]
create_clock: Time (s): cpu = 00:00:05 ; elapsed = 00:00:05 . Memory (MB): peak = 4114.926 ; gain = 0.000 ; free physical = 34193 ; free virtual = 138151
# mark "PHASE reports"
===S1=== PHASE reports
# report_utilization           -file $OUTDIR/utilization.rpt
# report_utilization -hierarchical -hierarchical_depth 4 \
#                              -file $OUTDIR/utilization_hier.rpt
# report_timing_summary -delay_type max -max_paths 20 -input_pins \
#                              -file $OUTDIR/timing_summary.rpt
INFO: [Timing 38-91] UpdateTimingParams: Speed grade: -2, Temperature grade: E, Delay Type: max.
INFO: [Timing 38-191] Multithreading enabled for timing update using a maximum of 8 CPUs
INFO: [Timing 38-35] Done setting XDC timing constraints.
WARNING: [Timing 38-242] The property HD.CLK_SRC of clock port "clk_i" is not set. In out-of-context mode, this prevents timing estimation for clock delay/skew
Resolution: Set the HD.CLK_SRC property of the out-of-context port to the location of the clock buffer instance in the top-level design
report_timing_summary: Time (s): cpu = 00:01:34 ; elapsed = 00:00:52 . Memory (MB): peak = 4881.066 ; gain = 766.141 ; free physical = 33620 ; free virtual = 137579
# report_timing -delay_type max -max_paths 20 -nworst 20 -sort_by slack \
#                              -file $OUTDIR/timing_worst20.rpt
INFO: [Timing 38-91] UpdateTimingParams: Speed grade: -2, Temperature grade: E, Delay Type: max.
INFO: [Timing 38-191] Multithreading enabled for timing update using a maximum of 8 CPUs
INFO: [Timing 38-78] ReportTimingParams: -max_paths 20 -nworst 20 -delay_type max -sort_by slack.
# report_methodology           -file $OUTDIR/methodology.rpt
Command: report_methodology -file /home/kourosh/synth_s1/pcie_rq_rc_top/methodology.rpt
INFO: [Timing 38-35] Done setting XDC timing constraints.
INFO: [DRC 23-133] Running Methodology with 8 threads
INFO: [Vivado_Tcl 2-1520] The results of Report Methodology are in file /home/kourosh/synth_s1/pcie_rq_rc_top/methodology.rpt.
report_methodology completed successfully
report_methodology: Time (s): cpu = 00:01:23 ; elapsed = 00:00:19 . Memory (MB): peak = 4945.094 ; gain = 64.027 ; free physical = 33600 ; free virtual = 137559
# report_clocks                -file $OUTDIR/clocks.rpt
INFO: [Timing 38-35] Done setting XDC timing constraints.
report_clocks: Time (s): cpu = 00:00:18 ; elapsed = 00:00:06 . Memory (MB): peak = 4945.094 ; gain = 0.000 ; free physical = 33597 ; free virtual = 137557
# report_drc -ruledecks {default} -file $OUTDIR/drc.rpt
Command: report_drc -ruledecks default -file /home/kourosh/synth_s1/pcie_rq_rc_top/drc.rpt
INFO: [IP_Flow 19-234] Refreshing IP repositories
INFO: [IP_Flow 19-1704] No user IP repositories specified
INFO: [IP_Flow 19-2313] Loaded Vivado IP repository '/home/kourosh/tools/Xilinx/Vivado/2023.2/data/ip'.
INFO: [DRC 23-27] Running DRC with 8 threads
INFO: [Vivado_Tcl 2-168] The results of DRC are in file /home/kourosh/synth_s1/pcie_rq_rc_top/drc.rpt.
report_drc completed successfully
report_drc: Time (s): cpu = 00:00:18 ; elapsed = 00:00:08 . Memory (MB): peak = 4945.098 ; gain = 0.004 ; free physical = 33578 ; free virtual = 137538
# mark "PHASE latch query"
===S1=== PHASE latch query
# set latch_cells [get_cells -hier -quiet -filter {PRIMITIVE_SUBGROUP == LATCH}]
# set lf [open $OUTDIR/latches_netlist.txt w]
# puts $lf "unit: $UNIT"
# puts $lf "latch primitives in the synthesized netlist: [llength $latch_cells]"
# foreach c $latch_cells {
#   puts $lf "  $c  ref=[get_property REF_NAME $c]"
# }
# close $lf
# mark "LATCH_COUNT [llength $latch_cells]"
===S1=== LATCH_COUNT 0
# write_checkpoint -force $OUTDIR/$UNIT.dcp
INFO: [Timing 38-480] Writing timing data to binary archive.
Write ShapeDB Complete: Time (s): cpu = 00:00:00.29 ; elapsed = 00:00:00.07 . Memory (MB): peak = 4945.098 ; gain = 0.000 ; free physical = 33570 ; free virtual = 137532
INFO: [Common 17-1381] The checkpoint '/home/kourosh/synth_s1/pcie_rq_rc_top/pcie_rq_rc_top.dcp' has been generated.
write_checkpoint: Time (s): cpu = 00:00:18 ; elapsed = 00:00:12 . Memory (MB): peak = 4945.098 ; gain = 0.000 ; free physical = 33536 ; free virtual = 137520
# mark "PHASE done"
===S1=== PHASE done
# exit 0
INFO: [Common 17-206] Exiting Vivado at Fri Aug  7 06:56:59 2026...
